Archive member included to satisfy reference by file (symbol)

C:/Users/BaoThuan/STM32CubeIDE_1.12.1/STM32CubeIDE/plugins/com.st.stm32cube.ide.mcu.externaltools.gnu-tools-for-stm32.12.3.rel1.win32_1.0.100.202403111256/tools/bin/../lib/gcc/arm-none-eabi/12.3.1/../../../../arm-none-eabi/lib/thumb/v7-m/nofp\libc_nano.a(libc_a-exit.o)
                              C:/Users/BaoThuan/STM32CubeIDE_1.12.1/STM32CubeIDE/plugins/com.st.stm32cube.ide.mcu.externaltools.gnu-tools-for-stm32.12.3.rel1.win32_1.0.100.202403111256/tools/bin/../lib/gcc/arm-none-eabi/12.3.1/../../../../arm-none-eabi/lib/thumb/v7-m/nofp/crt0.o (exit)
C:/Users/BaoThuan/STM32CubeIDE_1.12.1/STM32CubeIDE/plugins/com.st.stm32cube.ide.mcu.externaltools.gnu-tools-for-stm32.12.3.rel1.win32_1.0.100.202403111256/tools/bin/../lib/gcc/arm-none-eabi/12.3.1/../../../../arm-none-eabi/lib/thumb/v7-m/nofp\libc_nano.a(libc_a-findfp.o)
                              C:/Users/BaoThuan/STM32CubeIDE_1.12.1/STM32CubeIDE/plugins/com.st.stm32cube.ide.mcu.externaltools.gnu-tools-for-stm32.12.3.rel1.win32_1.0.100.202403111256/tools/bin/../lib/gcc/arm-none-eabi/12.3.1/../../../../arm-none-eabi/lib/thumb/v7-m/nofp\libc_nano.a(libc_a-exit.o) (__stdio_exit_handler)
C:/Users/BaoThuan/STM32CubeIDE_1.12.1/STM32CubeIDE/plugins/com.st.stm32cube.ide.mcu.externaltools.gnu-tools-for-stm32.12.3.rel1.win32_1.0.100.202403111256/tools/bin/../lib/gcc/arm-none-eabi/12.3.1/../../../../arm-none-eabi/lib/thumb/v7-m/nofp\libc_nano.a(libc_a-fwalk.o)
                              C:/Users/BaoThuan/STM32CubeIDE_1.12.1/STM32CubeIDE/plugins/com.st.stm32cube.ide.mcu.externaltools.gnu-tools-for-stm32.12.3.rel1.win32_1.0.100.202403111256/tools/bin/../lib/gcc/arm-none-eabi/12.3.1/../../../../arm-none-eabi/lib/thumb/v7-m/nofp\libc_nano.a(libc_a-findfp.o) (_fwalk_sglue)
C:/Users/BaoThuan/STM32CubeIDE_1.12.1/STM32CubeIDE/plugins/com.st.stm32cube.ide.mcu.externaltools.gnu-tools-for-stm32.12.3.rel1.win32_1.0.100.202403111256/tools/bin/../lib/gcc/arm-none-eabi/12.3.1/../../../../arm-none-eabi/lib/thumb/v7-m/nofp\libc_nano.a(libc_a-stdio.o)
                              C:/Users/BaoThuan/STM32CubeIDE_1.12.1/STM32CubeIDE/plugins/com.st.stm32cube.ide.mcu.externaltools.gnu-tools-for-stm32.12.3.rel1.win32_1.0.100.202403111256/tools/bin/../lib/gcc/arm-none-eabi/12.3.1/../../../../arm-none-eabi/lib/thumb/v7-m/nofp\libc_nano.a(libc_a-findfp.o) (__sread)
C:/Users/BaoThuan/STM32CubeIDE_1.12.1/STM32CubeIDE/plugins/com.st.stm32cube.ide.mcu.externaltools.gnu-tools-for-stm32.12.3.rel1.win32_1.0.100.202403111256/tools/bin/../lib/gcc/arm-none-eabi/12.3.1/../../../../arm-none-eabi/lib/thumb/v7-m/nofp\libc_nano.a(libc_a-memset.o)
                              C:/Users/BaoThuan/STM32CubeIDE_1.12.1/STM32CubeIDE/plugins/com.st.stm32cube.ide.mcu.externaltools.gnu-tools-for-stm32.12.3.rel1.win32_1.0.100.202403111256/tools/bin/../lib/gcc/arm-none-eabi/12.3.1/../../../../arm-none-eabi/lib/thumb/v7-m/nofp/crt0.o (memset)
C:/Users/BaoThuan/STM32CubeIDE_1.12.1/STM32CubeIDE/plugins/com.st.stm32cube.ide.mcu.externaltools.gnu-tools-for-stm32.12.3.rel1.win32_1.0.100.202403111256/tools/bin/../lib/gcc/arm-none-eabi/12.3.1/../../../../arm-none-eabi/lib/thumb/v7-m/nofp\libc_nano.a(libc_a-closer.o)
                              C:/Users/BaoThuan/STM32CubeIDE_1.12.1/STM32CubeIDE/plugins/com.st.stm32cube.ide.mcu.externaltools.gnu-tools-for-stm32.12.3.rel1.win32_1.0.100.202403111256/tools/bin/../lib/gcc/arm-none-eabi/12.3.1/../../../../arm-none-eabi/lib/thumb/v7-m/nofp\libc_nano.a(libc_a-stdio.o) (_close_r)
C:/Users/BaoThuan/STM32CubeIDE_1.12.1/STM32CubeIDE/plugins/com.st.stm32cube.ide.mcu.externaltools.gnu-tools-for-stm32.12.3.rel1.win32_1.0.100.202403111256/tools/bin/../lib/gcc/arm-none-eabi/12.3.1/../../../../arm-none-eabi/lib/thumb/v7-m/nofp\libc_nano.a(libc_a-reent.o)
                              C:/Users/BaoThuan/STM32CubeIDE_1.12.1/STM32CubeIDE/plugins/com.st.stm32cube.ide.mcu.externaltools.gnu-tools-for-stm32.12.3.rel1.win32_1.0.100.202403111256/tools/bin/../lib/gcc/arm-none-eabi/12.3.1/../../../../arm-none-eabi/lib/thumb/v7-m/nofp\libc_nano.a(libc_a-closer.o) (errno)
C:/Users/BaoThuan/STM32CubeIDE_1.12.1/STM32CubeIDE/plugins/com.st.stm32cube.ide.mcu.externaltools.gnu-tools-for-stm32.12.3.rel1.win32_1.0.100.202403111256/tools/bin/../lib/gcc/arm-none-eabi/12.3.1/../../../../arm-none-eabi/lib/thumb/v7-m/nofp\libc_nano.a(libc_a-impure.o)
                              C:/Users/BaoThuan/STM32CubeIDE_1.12.1/STM32CubeIDE/plugins/com.st.stm32cube.ide.mcu.externaltools.gnu-tools-for-stm32.12.3.rel1.win32_1.0.100.202403111256/tools/bin/../lib/gcc/arm-none-eabi/12.3.1/../../../../arm-none-eabi/lib/thumb/v7-m/nofp\libc_nano.a(libc_a-reent.o) (_impure_ptr)
C:/Users/BaoThuan/STM32CubeIDE_1.12.1/STM32CubeIDE/plugins/com.st.stm32cube.ide.mcu.externaltools.gnu-tools-for-stm32.12.3.rel1.win32_1.0.100.202403111256/tools/bin/../lib/gcc/arm-none-eabi/12.3.1/../../../../arm-none-eabi/lib/thumb/v7-m/nofp\libc_nano.a(libc_a-lseekr.o)
[...]
Memory Configuration

Name             Origin             Length             Attributes
RAM              0x20000000         0x00005000         xrw
FLASH            0x08000000         0x00010000         xr
*default*        0x00000000         0xffffffff

Linker script and memory map

LOAD C:/Users/BaoThuan/STM32CubeIDE_1.12.1/STM32CubeIDE/plugins/com.st.stm32cube.ide.mcu.externaltools.gnu-tools-for-stm32.12.3.rel1.win32_1.0.100.202403111256/tools/bin/../lib/gcc/arm-none-eabi/12.3.1/thumb/v7-m/nofp/crti.o
LOAD C:/Users/BaoThuan/STM32CubeIDE_1.12.1/STM32CubeIDE/plugins/com.st.stm32cube.ide.mcu.externaltools.gnu-tools-for-stm32.12.3.rel1.win32_1.0.100.202403111256/tools/bin/../lib/gcc/arm-none-eabi/12.3.1/thumb/v7-m/nofp/crtbegin.o
LOAD C:/Users/BaoThuan/STM32CubeIDE_1.12.1/STM32CubeIDE/plugins/com.st.stm32cube.ide.mcu.externaltools.gnu-tools-for-stm32.12.3.rel1.win32_1.0.100.202403111256/tools/bin/../lib/gcc/arm-none-eabi/12.3.1/../../../../arm-none-eabi/lib/thumb/v7-m/nofp/crt0.o
LOAD ./0_driver_main/i2c-lcd.o
LOAD ./Core/Src/freertos.o
LOAD ./Core/Src/main.o
LOAD ./Core/Src/stm32f1xx_hal_msp.o
LOAD ./Core/Src/stm32f1xx_hal_timebase_tim.o
LOAD ./Core/Src/stm32f1xx_it.o
LOAD ./Core/Src/syscalls.o
LOAD ./Core/Src/sysmem.o
LOAD ./Core/Src/system_stm32f1xx.o
LOAD ./Core/Startup/startup_stm32f103c8tx.o
LOAD ./Drivers/STM32F1xx_HAL_Driver/Src/stm32f1xx_hal.o
LOAD ./Drivers/STM32F1xx_HAL_Driver/Src/stm32f1xx_hal_cortex.o
LOAD ./Drivers/STM32F1xx_HAL_Driver/Src/stm32f1xx_hal_dma.o
LOAD ./Drivers/STM32F1xx_HAL_Driver/Src/stm32f1xx_hal_exti.o
LOAD ./Drivers/STM32F1xx_HAL_Driver/Src/stm32f1xx_hal_flash.o
LOAD ./Drivers/STM32F1xx_HAL_Driver/Src/stm32f1xx_hal_flash_ex.o
LOAD ./Drivers/STM32F1xx_HAL_Driver/Src/stm32f1xx_hal_gpio.o
LOAD ./Drivers/STM32F1xx_HAL_Driver/Src/stm32f1xx_hal_gpio_ex.o
LOAD ./Drivers/STM32F1xx_HAL_Driver/Src/stm32f1xx_hal_i2c.o
LOAD ./Drivers/STM32F1xx_HAL_Driver/Src/stm32f1xx_hal_pwr.o
LOAD ./Drivers/STM32F1xx_HAL_Driver/Src/stm32f1xx_hal_rcc.o
LOAD ./Drivers/STM32F1xx_HAL_Driver/Src/stm32f1xx_hal_rcc_ex.o
LOAD ./Drivers/STM32F1xx_HAL_Driver/Src/stm32f1xx_hal_spi.o
LOAD ./Drivers/STM32F1xx_HAL_Driver/Src/stm32f1xx_hal_tim.o
LOAD ./Drivers/STM32F1xx_HAL_Driver/Src/stm32f1xx_hal_tim_ex.o
LOAD ./Drivers/STM32F1xx_HAL_Driver/Src/stm32f1xx_hal_uart.o
LOAD ./Middlewares/Third_Party/FreeRTOS/Source/CMSIS_RTOS/cmsis_os.o
LOAD ./Middlewares/Third_Party/FreeRTOS/Source/croutine.o
LOAD ./Middlewares/Third_Party/FreeRTOS/Source/event_groups.o
LOAD ./Middlewares/Third_Party/FreeRTOS/Source/list.o
LOAD ./Middlewares/Third_Party/FreeRTOS/Source/queue.o
LOAD ./Middlewares/Third_Party/FreeRTOS/Source/stream_buffer.o
LOAD ./Middlewares/Third_Party/FreeRTOS/Source/tasks.o
LOAD ./Middlewares/Third_Party/FreeRTOS/Source/timers.o
LOAD ./Middlewares/Third_Party/FreeRTOS/Source/portable/GCC/ARM_CM3/port.o
LOAD ./Middlewares/Third_Party/FreeRTOS/Source/portable/MemMang/heap_4.o
START GROUP
LOAD C:/Users/BaoThuan/STM32CubeIDE_1.12.1/STM32CubeIDE/plugins/com.st.stm32cube.ide.mcu.externaltools.gnu-tools-for-stm32.12.3.rel1.win32_1.0.100.202403111256/tools/bin/../lib/gcc/arm-none-eabi/12.3.1/../../../../arm-none-eabi/lib/thumb/v7-m/nofp\libc_nano.a
LOAD C:/Users/BaoThuan/STM32CubeIDE_1.12.1/STM32CubeIDE/plugins/com.st.stm32cube.ide.mcu.externaltools.gnu-tools-for-stm32.12.3.rel1.win32_1.0.100.202403111256/tools/bin/../lib/gcc/arm-none-eabi/12.3.1/../../../../arm-none-eabi/lib/thumb/v7-m/nofp\libm.a
END GROUP
START GROUP
LOAD C:/Users/BaoThuan/STM32CubeIDE_1.12.1/STM32CubeIDE/plugins/com.st.stm32cube.ide.mcu.externaltools.gnu-tools-for-stm32.12.3.rel1.win32_1.0.100.202403111256/tools/bin/../lib/gcc/arm-none-eabi/12.3.1/thumb/v7-m/nofp\libgcc.a
LOAD C:/Users/BaoThuan/STM32CubeIDE_1.12.1/STM32CubeIDE/plugins/com.st.stm32cube.ide.mcu.externaltools.gnu-tools-for-stm32.12.3.rel1.win32_1.0.100.202403111256/tools/bin/../lib/gcc/arm-none-eabi/12.3.1/../../../../arm-none-eabi/lib/thumb/v7-m/nofp\libc_nano.a
END GROUP
START GROUP
LOAD C:/Users/BaoThuan/STM32CubeIDE_1.12.1/STM32CubeIDE/plugins/com.st.stm32cube.ide.mcu.externaltools.gnu-tools-for-stm32.12.3.rel1.win32_1.0.100.202403111256/tools/bin/../lib/gcc/arm-none-eabi/12.3.1/thumb/v7-m/nofp\libgcc.a
LOAD C:/Users/BaoThuan/STM32CubeIDE_1.12.1/STM32CubeIDE/plugins/com.st.stm32cube.ide.mcu.externaltools.gnu-tools-for-stm32.12.3.rel1.win32_1.0.100.202403111256/tools/bin/../lib/gcc/arm-none-eabi/12.3.1/../../../../arm-none-eabi/lib/thumb/v7-m/nofp\libc_nano.a
LOAD C:/Users/BaoThuan/STM32CubeIDE_1.12.1/STM32CubeIDE/plugins/com.st.stm32cube.ide.mcu.externaltools.gnu-tools-for-stm32.12.3.rel1.win32_1.0.100.202403111256/tools/bin/../lib/gcc/arm-none-eabi/12.3.1/../../../../arm-none-eabi/lib/thumb/v7-m/nofp\libnosys.a
END GROUP
START GROUP
LOAD C:/Users/BaoThuan/STM32CubeIDE_1.12.1/STM32CubeIDE/plugins/com.st.stm32cube.ide.mcu.externaltools.gnu-tools-for-stm32.12.3.rel1.win32_1.0.100.202403111256/tools/bin/../lib/gcc/arm-none-eabi/12.3.1/thumb/v7-m/nofp\libgcc.a
LOAD C:/Users/BaoThuan/STM32CubeIDE_1.12.1/STM32CubeIDE/plugins/com.st.stm32cube.ide.mcu.externaltools.gnu-tools-for-stm32.12.3.rel1.win32_1.0.100.202403111256/tools/bin/../lib/gcc/arm-none-eabi/12.3.1/../../../../arm-none-eabi/lib/thumb/v7-m/nofp\libc_nano.a
LOAD C:/Users/BaoThuan/STM32CubeIDE_1.12.1/STM32CubeIDE/plugins/com.st.stm32cube.ide.mcu.externaltools.gnu-tools-for-stm32.12.3.rel1.win32_1.0.100.202403111256/tools/bin/../lib/gcc/arm-none-eabi/12.3.1/../../../../arm-none-eabi/lib/thumb/v7-m/nofp\libnosys.a
END GROUP
LOAD C:/Users/BaoThuan/STM32CubeIDE_1.12.1/STM32CubeIDE/plugins/com.st.stm32cube.ide.mcu.externaltools.gnu-tools-for-stm32.12.3.rel1.win32_1.0.100.202403111256/tools/bin/../lib/gcc/arm-none-eabi/12.3.1/thumb/v7-m/nofp/crtend.o
LOAD C:/Users/BaoThuan/STM32CubeIDE_1.12.1/STM32CubeIDE/plugins/com.st.stm32cube.ide.mcu.externaltools.gnu-tools-for-stm32.12.3.rel1.win32_1.0.100.202403111256/tools/bin/../lib/gcc/arm-none-eabi/12.3.1/thumb/v7-m/nofp/crtn.o
                0x20005000                        _estack = (ORIGIN (RAM) + LENGTH (RAM))
                0x00000200                        _Min_Heap_Size = 0x200
                0x00000400                        _Min_Stack_Size = 0x400

.isr_vector     0x08000000      0x10c
                0x08000000                        . = ALIGN (0x4)
 *(.isr_vector)
 .isr_vector    0x08000000      0x10c ./Core/Startup/startup_stm32f103c8tx.o
                0x08000000                g_pfnVectors
                0x0800010c                        . = ALIGN (0x4)

.text           0x08000110     0x6be8
                0x08000110                        . = ALIGN (0x4)
 *(.text)
 .text          0x08000110       0x40 C:/Users/BaoThuan/STM32CubeIDE_1.12.1/STM32CubeIDE/plugins/com.st.stm32cube.ide.mcu.externaltools.gnu-tools-for-stm32.12.3.rel1.win32_1.0.100.202403111256/tools/bin/../lib/gcc/arm-none-eabi/12.3.1/thumb/v7-m/nofp/crtbegin.o
 .text          0x08000150       0x10 C:/Users/BaoThuan/STM32CubeIDE_1.12.1/STM32CubeIDE/plugins/com.st.stm32cube.ide.mcu.externaltools.gnu-tools-for-stm32.12.3.rel1.win32_1.0.100.202403111256/tools/bin/../lib/gcc/arm-none-eabi/12.3.1/../../../../arm-none-eabi/lib/thumb/v7-m/nofp\libc_nano.a(libc_a-strlen.o)
                0x08000150                strlen
 *(.text*)
 .text.CLCD_Delay
                0x08000160       0x1a ./0_driver_main/i2c-lcd.o
 .text.CLCD_WriteI2C
                0x0800017a       0xae ./0_driver_main/i2c-lcd.o
 .text.CLCD_I2C_Init
                0x08000228       0xe0 ./0_driver_main/i2c-lcd.o
                0x08000228                CLCD_I2C_Init
 .text.vApplicationGetIdleTaskMemory
                0x08000308       0x30 ./Core/Src/freertos.o
                0x08000308                vApplicationGetIdleTaskMemory
 .text.vApplicationGetTimerTaskMemory
                0x08000338       0x34 ./Core/Src/freertos.o
                0x08000338                vApplicationGetTimerTaskMemory
 .text.Init_Sys
                0x0800036c       0x44 ./Core/Src/main.o
                0x0800036c                Init_Sys
 .text.HAL_UART_RxCpltCallback
                0x080003b0      0x118 ./Core/Src/main.o
                0x080003b0                HAL_UART_RxCpltCallback
 .text.Task_action
                0x080004c8       0x38 ./Core/Src/main.o
                0x080004c8                Task_action
 .text.main     0x08000500      0x114 ./Core/Src/main.o
                0x08000500                main
 .text.SystemClock_Config
                0x08000614       0x8a ./Core/Src/main.o
                0x08000614                SystemClock_Config
 *fill*         0x0800069e        0x2 
 .text.MX_I2C1_Init
                0x080006a0       0x5c ./Core/Src/main.o
 .text.MX_SPI1_Init
                0x080006fc       0x6c ./Core/Src/main.o
 .text.MX_TIM1_Init
                0x08000768       0xa0 ./Core/Src/main.o
 .text.MX_TIM2_Init
                0x08000808       0xa8 ./Core/Src/main.o
 .text.MX_USART1_UART_Init
                0x080008b0       0x54 ./Core/Src/main.o
 .text.MX_USART2_UART_Init
                0x08000904       0x54 ./Core/Src/main.o
 .text.MX_GPIO_Init
                0x08000958      0x17c ./Core/Src/main.o
 .text.StartGiveSem_Hand
                0x08000ad4       0x30 ./Core/Src/main.o
                0x08000ad4                StartGiveSem_Hand
 .text.StartTakeSem_Hand
                0x08000b04       0x12 ./Core/Src/main.o
                0x08000b04                StartTakeSem_Hand
 *fill*         0x08000b16        0x2 
 .text.Callback01
                0x08000b18       0x1c ./Core/Src/main.o
                0x08000b18                Callback01
 .text.HAL_TIM_PeriodElapsedCallback
                0x08000b34       0x24 ./Core/Src/main.o
                0x08000b34                HAL_TIM_PeriodElapsedCallback
 .text.Error_Handler
                0x08000b58        0xc ./Core/Src/main.o
                0x08000b58                Error_Handler
 .text.HAL_MspInit
                0x08000b64       0x70 ./Core/Src/stm32f1xx_hal_msp.o
                0x08000b64                HAL_MspInit
 .text.HAL_I2C_MspInit
                0x08000bd4       0xa0 ./Core/Src/stm32f1xx_hal_msp.o
                0x08000bd4                HAL_I2C_MspInit
 .text.HAL_SPI_MspInit
                0x08000c74       0x94 ./Core/Src/stm32f1xx_hal_msp.o
                0x08000c74                HAL_SPI_MspInit
 .text.HAL_TIM_Base_MspInit
                0x08000d08       0x3c ./Core/Src/stm32f1xx_hal_msp.o
                0x08000d08                HAL_TIM_Base_MspInit
 .text.HAL_TIM_Encoder_MspInit
                0x08000d44       0x78 ./Core/Src/stm32f1xx_hal_msp.o
                0x08000d44                HAL_TIM_Encoder_MspInit
 .text.HAL_UART_MspInit
                0x08000dbc      0x128 ./Core/Src/stm32f1xx_hal_msp.o
                0x08000dbc                HAL_UART_MspInit
 .text.HAL_InitTick
                0x08000ee4       0xfc ./Core/Src/stm32f1xx_hal_timebase_tim.o
                0x08000ee4                HAL_InitTick
 .text.NMI_Handler
                0x08000fe0        0x8 ./Core/Src/stm32f1xx_it.o
                0x08000fe0                NMI_Handler
 .text.HardFault_Handler
                0x08000fe8        0x8 ./Core/Src/stm32f1xx_it.o
                0x08000fe8                HardFault_Handler
 .text.MemManage_Handler
                0x08000ff0        0x8 ./Core/Src/stm32f1xx_it.o
                0x08000ff0                MemManage_Handler
 .text.BusFault_Handler
                0x08000ff8        0x8 ./Core/Src/stm32f1xx_it.o
                0x08000ff8                BusFault_Handler
 .text.UsageFault_Handler
                0x08001000        0x8 ./Core/Src/stm32f1xx_it.o
                0x08001000                UsageFault_Handler
 .text.DebugMon_Handler
                0x08001008        0xc ./Core/Src/stm32f1xx_it.o
                0x08001008                DebugMon_Handler
 .text.EXTI9_5_IRQHandler
                0x08001014       0x10 ./Core/Src/stm32f1xx_it.o
                0x08001014                EXTI9_5_IRQHandler
 .text.TIM3_IRQHandler
                0x08001024       0x14 ./Core/Src/stm32f1xx_it.o
                0x08001024                TIM3_IRQHandler
 .text.USART1_IRQHandler
                0x08001038       0x14 ./Core/Src/stm32f1xx_it.o
                0x08001038                USART1_IRQHandler
 .text.USART2_IRQHandler
                0x0800104c       0x14 ./Core/Src/stm32f1xx_it.o
                0x0800104c                USART2_IRQHandler
 .text.EXTI15_10_IRQHandler
                0x08001060       0x28 ./Core/Src/stm32f1xx_it.o
                0x08001060                EXTI15_10_IRQHandler
 .text.SystemInit
                0x08001088        0xc ./Core/Src/system_stm32f1xx.o
                0x08001088                SystemInit
 .text.Reset_Handler
                0x08001094       0x48 ./Core/Startup/startup_stm32f103c8tx.o
                0x08001094                Reset_Handler
 .text.Default_Handler
                0x080010dc        0x2 ./Core/Startup/startup_stm32f103c8tx.o
                0x080010dc                RTC_Alarm_IRQHandler
                0x080010dc                EXTI2_IRQHandler
                0x080010dc                TIM1_CC_IRQHandler
                0x080010dc                PVD_IRQHandler
                0x080010dc                EXTI3_IRQHandler
                0x080010dc                EXTI0_IRQHandler
                0x080010dc                I2C2_EV_IRQHandler
                0x080010dc                ADC1_2_IRQHandler
                0x080010dc                SPI1_IRQHandler
                0x080010dc                TAMPER_IRQHandler
                0x080010dc                DMA1_Channel4_IRQHandler
                0x080010dc                USART3_IRQHandler
                0x080010dc                RTC_IRQHandler
                0x080010dc                DMA1_Channel7_IRQHandler
                0x080010dc                CAN1_RX1_IRQHandler
                0x080010dc                TIM4_IRQHandler
                0x080010dc                I2C1_EV_IRQHandler
                0x080010dc                DMA1_Channel6_IRQHandler
                0x080010dc                RCC_IRQHandler
                0x080010dc                TIM1_TRG_COM_IRQHandler
                0x080010dc                DMA1_Channel1_IRQHandler
                0x080010dc                Default_Handler
                0x080010dc                SPI2_IRQHandler
                0x080010dc                DMA1_Channel5_IRQHandler
                0x080010dc                EXTI4_IRQHandler
                0x080010dc                USB_LP_CAN1_RX0_IRQHandler
                0x080010dc                USB_HP_CAN1_TX_IRQHandler
                0x080010dc                DMA1_Channel3_IRQHandler
                0x080010dc                TIM1_UP_IRQHandler
                0x080010dc                WWDG_IRQHandler
                0x080010dc                TIM2_IRQHandler
                0x080010dc                TIM1_BRK_IRQHandler
                0x080010dc                EXTI1_IRQHandler
                0x080010dc                I2C2_ER_IRQHandler
                0x080010dc                DMA1_Channel2_IRQHandler
                0x080010dc                CAN1_SCE_IRQHandler
                0x080010dc                FLASH_IRQHandler
                0x080010dc                I2C1_ER_IRQHandler
                0x080010dc                USBWakeUp_IRQHandler
 *fill*         0x080010de        0x2 
 .text.HAL_Init
                0x080010e0       0x2c ./Drivers/STM32F1xx_HAL_Driver/Src/stm32f1xx_hal.o
                0x080010e0                HAL_Init
 .text.HAL_IncTick
                0x0800110c       0x24 ./Drivers/STM32F1xx_HAL_Driver/Src/stm32f1xx_hal.o
                0x0800110c                HAL_IncTick
 .text.HAL_GetTick
                0x08001130       0x14 ./Drivers/STM32F1xx_HAL_Driver/Src/stm32f1xx_hal.o
                0x08001130                HAL_GetTick
 .text.HAL_Delay
                0x08001144       0x48 ./Drivers/STM32F1xx_HAL_Driver/Src/stm32f1xx_hal.o
                0x08001144                HAL_Delay
 .text.__NVIC_SetPriorityGrouping
                0x0800118c       0x48 ./Drivers/STM32F1xx_HAL_Driver/Src/stm32f1xx_hal_cortex.o
 .text.__NVIC_GetPriorityGrouping
                0x080011d4       0x1c ./Drivers/STM32F1xx_HAL_Driver/Src/stm32f1xx_hal_cortex.o
 .text.__NVIC_EnableIRQ
                0x080011f0       0x38 ./Drivers/STM32F1xx_HAL_Driver/Src/stm32f1xx_hal_cortex.o
 .text.__NVIC_SetPriority
                0x08001228       0x54 ./Drivers/STM32F1xx_HAL_Driver/Src/stm32f1xx_hal_cortex.o
 .text.NVIC_EncodePriority
                0x0800127c       0x64 ./Drivers/STM32F1xx_HAL_Driver/Src/stm32f1xx_hal_cortex.o
 .text.HAL_NVIC_SetPriorityGrouping
                0x080012e0       0x16 ./Drivers/STM32F1xx_HAL_Driver/Src/stm32f1xx_hal_cortex.o
                0x080012e0                HAL_NVIC_SetPriorityGrouping
 .text.HAL_NVIC_SetPriority
                0x080012f6       0x38 ./Drivers/STM32F1xx_HAL_Driver/Src/stm32f1xx_hal_cortex.o
                0x080012f6                HAL_NVIC_SetPriority
 .text.HAL_NVIC_EnableIRQ
                0x0800132e       0x1c ./Drivers/STM32F1xx_HAL_Driver/Src/stm32f1xx_hal_cortex.o
                0x0800132e                HAL_NVIC_EnableIRQ
 .text.HAL_DMA_Abort
                0x0800134a       0x76 ./Drivers/STM32F1xx_HAL_Driver/Src/stm32f1xx_hal_dma.o
                0x0800134a                HAL_DMA_Abort
 .text.HAL_DMA_Abort_IT
                0x080013c0       0xf0 ./Drivers/STM32F1xx_HAL_Driver/Src/stm32f1xx_hal_dma.o
                0x080013c0                HAL_DMA_Abort_IT
 .text.HAL_GPIO_Init
                0x080014b0      0x308 ./Drivers/STM32F1xx_HAL_Driver/Src/stm32f1xx_hal_gpio.o
                0x080014b0                HAL_GPIO_Init
 .text.HAL_GPIO_WritePin
                0x080017b8       0x30 ./Drivers/STM32F1xx_HAL_Driver/Src/stm32f1xx_hal_gpio.o
                0x080017b8                HAL_GPIO_WritePin
 .text.HAL_GPIO_EXTI_IRQHandler
                0x080017e8       0x30 ./Drivers/STM32F1xx_HAL_Driver/Src/stm32f1xx_hal_gpio.o
                0x080017e8                HAL_GPIO_EXTI_IRQHandler
 .text.HAL_GPIO_EXTI_Callback
                0x08001818       0x14 ./Drivers/STM32F1xx_HAL_Driver/Src/stm32f1xx_hal_gpio.o
                0x08001818                HAL_GPIO_EXTI_Callback
 .text.HAL_I2C_Init
                0x0800182c      0x288 ./Drivers/STM32F1xx_HAL_Driver/Src/stm32f1xx_hal_i2c.o
                0x0800182c                HAL_I2C_Init
 .text.HAL_I2C_Master_Transmit
                0x08001ab4      0x1fc ./Drivers/STM32F1xx_HAL_Driver/Src/stm32f1xx_hal_i2c.o
                0x08001ab4                HAL_I2C_Master_Transmit
 .text.I2C_MasterRequestWrite
                0x08001cb0      0x104 ./Drivers/STM32F1xx_HAL_Driver/Src/stm32f1xx_hal_i2c.o
 .text.I2C_WaitOnFlagUntilTimeout
                0x08001db4       0xf4 ./Drivers/STM32F1xx_HAL_Driver/Src/stm32f1xx_hal_i2c.o
 .text.I2C_WaitOnMasterAddressFlagUntilTimeout
                0x08001ea8      0x140 ./Drivers/STM32F1xx_HAL_Driver/Src/stm32f1xx_hal_i2c.o
 .text.I2C_WaitOnTXEFlagUntilTimeout
                0x08001fe8       0x90 ./Drivers/STM32F1xx_HAL_Driver/Src/stm32f1xx_hal_i2c.o
 .text.I2C_WaitOnBTFFlagUntilTimeout
                0x08002078       0x90 ./Drivers/STM32F1xx_HAL_Driver/Src/stm32f1xx_hal_i2c.o
 .text.I2C_IsAcknowledgeFailed
                0x08002108       0x5c ./Drivers/STM32F1xx_HAL_Driver/Src/stm32f1xx_hal_i2c.o
 .text.HAL_RCC_OscConfig
                0x08002164      0x504 ./Drivers/STM32F1xx_HAL_Driver/Src/stm32f1xx_hal_rcc.o
                0x08002164                HAL_RCC_OscConfig
 .text.HAL_RCC_ClockConfig
                0x08002668      0x1d4 ./Drivers/STM32F1xx_HAL_Driver/Src/stm32f1xx_hal_rcc.o
                0x08002668                HAL_RCC_ClockConfig
 .text.HAL_RCC_GetSysClockFreq
                0x0800283c       0xa8 ./Drivers/STM32F1xx_HAL_Driver/Src/stm32f1xx_hal_rcc.o
                0x0800283c                HAL_RCC_GetSysClockFreq
 .text.HAL_RCC_GetHCLKFreq
                0x080028e4       0x14 ./Drivers/STM32F1xx_HAL_Driver/Src/stm32f1xx_hal_rcc.o
                0x080028e4                HAL_RCC_GetHCLKFreq
 .text.HAL_RCC_GetPCLK1Freq
                0x080028f8       0x28 ./Drivers/STM32F1xx_HAL_Driver/Src/stm32f1xx_hal_rcc.o
                0x080028f8                HAL_RCC_GetPCLK1Freq
 .text.HAL_RCC_GetPCLK2Freq
                0x08002920       0x28 ./Drivers/STM32F1xx_HAL_Driver/Src/stm32f1xx_hal_rcc.o
                0x08002920                HAL_RCC_GetPCLK2Freq
 .text.HAL_RCC_GetClockConfig
                0x08002948       0x60 ./Drivers/STM32F1xx_HAL_Driver/Src/stm32f1xx_hal_rcc.o
                0x08002948                HAL_RCC_GetClockConfig
 .text.RCC_Delay
                0x080029a8       0x3c ./Drivers/STM32F1xx_HAL_Driver/Src/stm32f1xx_hal_rcc.o
 .text.HAL_SPI_Init
                0x080029e4      0x108 ./Drivers/STM32F1xx_HAL_Driver/Src/stm32f1xx_hal_spi.o
                0x080029e4                HAL_SPI_Init
 .text.HAL_TIM_Base_Init
                0x08002aec       0x9e ./Drivers/STM32F1xx_HAL_Driver/Src/stm32f1xx_hal_tim.o
                0x08002aec                HAL_TIM_Base_Init
 *fill*         0x08002b8a        0x2 
 .text.HAL_TIM_Base_Start_IT
                0x08002b8c       0xa4 ./Drivers/STM32F1xx_HAL_Driver/Src/stm32f1xx_hal_tim.o
                0x08002b8c                HAL_TIM_Base_Start_IT
 .text.HAL_TIM_Encoder_Init
                0x08002c30      0x144 ./Drivers/STM32F1xx_HAL_Driver/Src/stm32f1xx_hal_tim.o
                0x08002c30                HAL_TIM_Encoder_Init
 .text.HAL_TIM_IRQHandler
                0x08002d74      0x210 ./Drivers/STM32F1xx_HAL_Driver/Src/stm32f1xx_hal_tim.o
                0x08002d74                HAL_TIM_IRQHandler
 .text.HAL_TIM_ConfigClockSource
                0x08002f84      0x18e ./Drivers/STM32F1xx_HAL_Driver/Src/stm32f1xx_hal_tim.o
                0x08002f84                HAL_TIM_ConfigClockSource
 .text.HAL_TIM_OC_DelayElapsedCallback
                0x08003112       0x12 ./Drivers/STM32F1xx_HAL_Driver/Src/stm32f1xx_hal_tim.o
                0x08003112                HAL_TIM_OC_DelayElapsedCallback
 .text.HAL_TIM_IC_CaptureCallback
                0x08003124       0x12 ./Drivers/STM32F1xx_HAL_Driver/Src/stm32f1xx_hal_tim.o
                0x08003124                HAL_TIM_IC_CaptureCallback
 .text.HAL_TIM_PWM_PulseFinishedCallback
                0x08003136       0x12 ./Drivers/STM32F1xx_HAL_Driver/Src/stm32f1xx_hal_tim.o
                0x08003136                HAL_TIM_PWM_PulseFinishedCallback
 .text.HAL_TIM_TriggerCallback
                0x08003148       0x12 ./Drivers/STM32F1xx_HAL_Driver/Src/stm32f1xx_hal_tim.o
                0x08003148                HAL_TIM_TriggerCallback
 *fill*         0x0800315a        0x2 
 .text.TIM_Base_SetConfig
                0x0800315c       0xc4 ./Drivers/STM32F1xx_HAL_Driver/Src/stm32f1xx_hal_tim.o
                0x0800315c                TIM_Base_SetConfig
 .text.TIM_TI1_ConfigInputStage
                0x08003220       0x5c ./Drivers/STM32F1xx_HAL_Driver/Src/stm32f1xx_hal_tim.o
 .text.TIM_TI2_ConfigInputStage
                0x0800327c       0x5e ./Drivers/STM32F1xx_HAL_Driver/Src/stm32f1xx_hal_tim.o
 .text.TIM_ITRx_SetConfig
                0x080032da       0x34 ./Drivers/STM32F1xx_HAL_Driver/Src/stm32f1xx_hal_tim.o
 .text.TIM_ETR_SetConfig
                0x0800330e       0x3e ./Drivers/STM32F1xx_HAL_Driver/Src/stm32f1xx_hal_tim.o
                0x0800330e                TIM_ETR_SetConfig
 .text.HAL_TIMEx_MasterConfigSynchronization
                0x0800334c       0xbc ./Drivers/STM32F1xx_HAL_Driver/Src/stm32f1xx_hal_tim_ex.o
                0x0800334c                HAL_TIMEx_MasterConfigSynchronization
 .text.HAL_TIMEx_CommutCallback
                0x08003408       0x12 ./Drivers/STM32F1xx_HAL_Driver/Src/stm32f1xx_hal_tim_ex.o
                0x08003408                HAL_TIMEx_CommutCallback
 .text.HAL_TIMEx_BreakCallback
                0x0800341a       0x12 ./Drivers/STM32F1xx_HAL_Driver/Src/stm32f1xx_hal_tim_ex.o
                0x0800341a                HAL_TIMEx_BreakCallback
 .text.HAL_UART_Init
                0x0800342c       0xa0 ./Drivers/STM32F1xx_HAL_Driver/Src/stm32f1xx_hal_uart.o
                0x0800342c                HAL_UART_Init
 .text.HAL_UART_Transmit
                0x080034cc      0x106 ./Drivers/STM32F1xx_HAL_Driver/Src/stm32f1xx_hal_uart.o
                0x080034cc                HAL_UART_Transmit
 .text.HAL_UART_Receive_IT
                0x080035d2       0x4a ./Drivers/STM32F1xx_HAL_Driver/Src/stm32f1xx_hal_uart.o
                0x080035d2                HAL_UART_Receive_IT
 .text.HAL_UART_IRQHandler
                0x0800361c      0x524 ./Drivers/STM32F1xx_HAL_Driver/Src/stm32f1xx_hal_uart.o
                0x0800361c                HAL_UART_IRQHandler
 .text.HAL_UART_TxCpltCallback
                0x08003b40       0x12 ./Drivers/STM32F1xx_HAL_Driver/Src/stm32f1xx_hal_uart.o
                0x08003b40                HAL_UART_TxCpltCallback
 .text.HAL_UART_ErrorCallback
                0x08003b52       0x12 ./Drivers/STM32F1xx_HAL_Driver/Src/stm32f1xx_hal_uart.o
                0x08003b52                HAL_UART_ErrorCallback
 .text.HAL_UARTEx_RxEventCallback
                0x08003b64       0x16 ./Drivers/STM32F1xx_HAL_Driver/Src/stm32f1xx_hal_uart.o
                0x08003b64                HAL_UARTEx_RxEventCallback
 .text.UART_WaitOnFlagUntilTimeout
                0x08003b7a       0xdc ./Drivers/STM32F1xx_HAL_Driver/Src/stm32f1xx_hal_uart.o
 .text.UART_Start_Receive_IT
                0x08003c56       0x72 ./Drivers/STM32F1xx_HAL_Driver/Src/stm32f1xx_hal_uart.o
                0x08003c56                UART_Start_Receive_IT
 .text.UART_EndRxTransfer
                0x08003cc8       0xc4 ./Drivers/STM32F1xx_HAL_Driver/Src/stm32f1xx_hal_uart.o
 .text.UART_DMAAbortOnError
                0x08003d8c       0x28 ./Drivers/STM32F1xx_HAL_Driver/Src/stm32f1xx_hal_uart.o
 .text.UART_Transmit_IT
                0x08003db4       0x9e ./Drivers/STM32F1xx_HAL_Driver/Src/stm32f1xx_hal_uart.o
 .text.UART_EndTransmit_IT
                0x08003e52       0x30 ./Drivers/STM32F1xx_HAL_Driver/Src/stm32f1xx_hal_uart.o
 .text.UART_Receive_IT
                0x08003e82      0x17c ./Drivers/STM32F1xx_HAL_Driver/Src/stm32f1xx_hal_uart.o
 *fill*         0x08003ffe        0x2 
 .text.UART_SetConfig
                0x08004000      0x11c ./Drivers/STM32F1xx_HAL_Driver/Src/stm32f1xx_hal_uart.o
 .text.makeFreeRtosPriority
                0x0800411c       0x2e ./Middlewares/Third_Party/FreeRTOS/Source/CMSIS_RTOS/cmsis_os.o
 .text.inHandlerMode
                0x0800414a       0x22 ./Middlewares/Third_Party/FreeRTOS/Source/CMSIS_RTOS/cmsis_os.o
 .text.osKernelStart
                0x0800416c        0xe ./Middlewares/Third_Party/FreeRTOS/Source/CMSIS_RTOS/cmsis_os.o
                0x0800416c                osKernelStart
 .text.osThreadCreate
                0x0800417a       0x98 ./Middlewares/Third_Party/FreeRTOS/Source/CMSIS_RTOS/cmsis_os.o
                0x0800417a                osThreadCreate
 .text.osDelay  0x08004212       0x28 ./Middlewares/Third_Party/FreeRTOS/Source/CMSIS_RTOS/cmsis_os.o
                0x08004212                osDelay
 *fill*         0x0800423a        0x2 
 .text.osTimerCreate
                0x0800423c       0x68 ./Middlewares/Third_Party/FreeRTOS/Source/CMSIS_RTOS/cmsis_os.o
                0x0800423c                osTimerCreate
 .text.osTimerStart
                0x080042a4       0x88 ./Middlewares/Third_Party/FreeRTOS/Source/CMSIS_RTOS/cmsis_os.o
                0x080042a4                osTimerStart
 .text.osSemaphoreCreate
                0x0800432c       0x64 ./Middlewares/Third_Party/FreeRTOS/Source/CMSIS_RTOS/cmsis_os.o
                0x0800432c                osSemaphoreCreate
 .text.vListInitialise
                0x08004390       0x3e ./Middlewares/Third_Party/FreeRTOS/Source/list.o
                0x08004390                vListInitialise
 .text.vListInitialiseItem
                0x080043ce       0x18 ./Middlewares/Third_Party/FreeRTOS/Source/list.o
                0x080043ce                vListInitialiseItem
 .text.vListInsertEnd
                0x080043e6       0x46 ./Middlewares/Third_Party/FreeRTOS/Source/list.o
                0x080043e6                vListInsertEnd
 .text.vListInsert
                0x0800442c       0x70 ./Middlewares/Third_Party/FreeRTOS/Source/list.o
                0x0800442c                vListInsert
 .text.uxListRemove
                0x0800449c       0x52 ./Middlewares/Third_Party/FreeRTOS/Source/list.o
                0x0800449c                uxListRemove
 *fill*         0x080044ee        0x2 
 .text.xQueueGenericReset
                0x080044f0       0xd4 ./Middlewares/Third_Party/FreeRTOS/Source/queue.o
                0x080044f0                xQueueGenericReset
 .text.xQueueGenericCreateStatic
                0x080045c4       0xf8 ./Middlewares/Third_Party/FreeRTOS/Source/queue.o
                0x080045c4                xQueueGenericCreateStatic
 .text.xQueueGenericCreate
                0x080046bc       0x7e ./Middlewares/Third_Party/FreeRTOS/Source/queue.o
                0x080046bc                xQueueGenericCreate
 .text.prvInitialiseNewQueue
                0x0800473a       0x3e ./Middlewares/Third_Party/FreeRTOS/Source/queue.o
 .text.xQueueGenericSend
                0x08004778      0x204 ./Middlewares/Third_Party/FreeRTOS/Source/queue.o
                0x08004778                xQueueGenericSend
 .text.xQueueGenericSendFromISR
                0x0800497c      0x136 ./Middlewares/Third_Party/FreeRTOS/Source/queue.o
                0x0800497c                xQueueGenericSendFromISR
 *fill*         0x08004ab2        0x2 
 .text.xQueueReceive
                0x08004ab4      0x1c4 ./Middlewares/Third_Party/FreeRTOS/Source/queue.o
                0x08004ab4                xQueueReceive
 .text.prvCopyDataToQueue
                0x08004c78       0xd4 ./Middlewares/Third_Party/FreeRTOS/Source/queue.o
 .text.prvCopyDataFromQueue
                0x08004d4c       0x4c ./Middlewares/Third_Party/FreeRTOS/Source/queue.o
 .text.prvUnlockQueue
                0x08004d98       0xa4 ./Middlewares/Third_Party/FreeRTOS/Source/queue.o
 .text.prvIsQueueEmpty
                0x08004e3c       0x2c ./Middlewares/Third_Party/FreeRTOS/Source/queue.o
 .text.prvIsQueueFull
                0x08004e68       0x30 ./Middlewares/Third_Party/FreeRTOS/Source/queue.o
 .text.vQueueAddToRegistry
                0x08004e98       0x50 ./Middlewares/Third_Party/FreeRTOS/Source/queue.o
                0x08004e98                vQueueAddToRegistry
 .text.vQueueWaitForMessageRestricted
                0x08004ee8       0x68 ./Middlewares/Third_Party/FreeRTOS/Source/queue.o
                0x08004ee8                vQueueWaitForMessageRestricted
 .text.xTaskCreateStatic
                0x08004f50       0xbe ./Middlewares/Third_Party/FreeRTOS/Source/tasks.o
                0x08004f50                xTaskCreateStatic
 .text.xTaskCreate
                0x0800500e       0x8a ./Middlewares/Third_Party/FreeRTOS/Source/tasks.o
                0x0800500e                xTaskCreate
 .text.prvInitialiseNewTask
                0x08005098      0x100 ./Middlewares/Third_Party/FreeRTOS/Source/tasks.o
 .text.prvAddNewTaskToReadyList
                0x08005198       0xd4 ./Middlewares/Third_Party/FreeRTOS/Source/tasks.o
 .text.vTaskDelay
                0x0800526c       0x6c ./Middlewares/Third_Party/FreeRTOS/Source/tasks.o
                0x0800526c                vTaskDelay
 .text.vTaskStartScheduler
                0x080052d8       0xd0 ./Middlewares/Third_Party/FreeRTOS/Source/tasks.o
                0x080052d8                vTaskStartScheduler
 .text.vTaskSuspendAll
                0x080053a8       0x1c ./Middlewares/Third_Party/FreeRTOS/Source/tasks.o
                0x080053a8                vTaskSuspendAll
 .text.xTaskResumeAll
                0x080053c4      0x13c ./Middlewares/Third_Party/FreeRTOS/Source/tasks.o
                0x080053c4                xTaskResumeAll
 .text.xTaskGetTickCount
                0x08005500       0x1c ./Middlewares/Third_Party/FreeRTOS/Source/tasks.o
                0x08005500                xTaskGetTickCount
 .text.xTaskIncrementTick
                0x0800551c      0x17c ./Middlewares/Third_Party/FreeRTOS/Source/tasks.o
                0x0800551c                xTaskIncrementTick
 .text.vTaskSwitchContext
                0x08005698       0xb8 ./Middlewares/Third_Party/FreeRTOS/Source/tasks.o
                0x08005698                vTaskSwitchContext
 .text.vTaskPlaceOnEventList
                0x08005750       0x4c ./Middlewares/Third_Party/FreeRTOS/Source/tasks.o
                0x08005750                vTaskPlaceOnEventList
 .text.vTaskPlaceOnEventListRestricted
                0x0800579c       0x58 ./Middlewares/Third_Party/FreeRTOS/Source/tasks.o
                0x0800579c                vTaskPlaceOnEventListRestricted
 .text.xTaskRemoveFromEventList
                0x080057f4       0xc8 ./Middlewares/Third_Party/FreeRTOS/Source/tasks.o
                0x080057f4                xTaskRemoveFromEventList
 .text.vTaskInternalSetTimeOutState
                0x080058bc       0x2c ./Middlewares/Third_Party/FreeRTOS/Source/tasks.o
                0x080058bc                vTaskInternalSetTimeOutState
 .text.xTaskCheckForTimeOut
                0x080058e8       0xc8 ./Middlewares/Third_Party/FreeRTOS/Source/tasks.o
                0x080058e8                xTaskCheckForTimeOut
 .text.vTaskMissedYield
                0x080059b0       0x18 ./Middlewares/Third_Party/FreeRTOS/Source/tasks.o
                0x080059b0                vTaskMissedYield
 .text.prvIdleTask
                0x080059c8       0x30 ./Middlewares/Third_Party/FreeRTOS/Source/tasks.o
 .text.prvInitialiseTaskLists
                0x080059f8       0x80 ./Middlewares/Third_Party/FreeRTOS/Source/tasks.o
 .text.prvCheckTasksWaitingTermination
                0x08005a78       0x5c ./Middlewares/Third_Party/FreeRTOS/Source/tasks.o
 .text.prvDeleteTCB
                0x08005ad4       0x60 ./Middlewares/Third_Party/FreeRTOS/Source/tasks.o
 .text.prvResetNextTaskUnblockTime
                0x08005b34       0x48 ./Middlewares/Third_Party/FreeRTOS/Source/tasks.o
 .text.xTaskGetSchedulerState
                0x08005b7c       0x3c ./Middlewares/Third_Party/FreeRTOS/Source/tasks.o
                0x08005b7c                xTaskGetSchedulerState
 .text.xTaskPriorityDisinherit
                0x08005bb8      0x110 ./Middlewares/Third_Party/FreeRTOS/Source/tasks.o
                0x08005bb8                xTaskPriorityDisinherit
 .text.prvAddCurrentTaskToDelayedList
                0x08005cc8       0xcc ./Middlewares/Third_Party/FreeRTOS/Source/tasks.o
 .text.xTimerCreateTimerTask
                0x08005d94       0x94 ./Middlewares/Third_Party/FreeRTOS/Source/timers.o
                0x08005d94                xTimerCreateTimerTask
 .text.xTimerCreate
                0x08005e28       0x42 ./Middlewares/Third_Party/FreeRTOS/Source/timers.o
                0x08005e28                xTimerCreate
 .text.xTimerCreateStatic
                0x08005e6a       0x7e ./Middlewares/Third_Party/FreeRTOS/Source/timers.o
                0x08005e6a                xTimerCreateStatic
 .text.prvInitialiseNewTimer
                0x08005ee8       0x66 ./Middlewares/Third_Party/FreeRTOS/Source/timers.o
 *fill*         0x08005f4e        0x2 
 .text.xTimerGenericCommand
                0x08005f50       0x9c ./Middlewares/Third_Party/FreeRTOS/Source/timers.o
                0x08005f50                xTimerGenericCommand
 .text.prvProcessExpiredTimer
                0x08005fec       0x84 ./Middlewares/Third_Party/FreeRTOS/Source/timers.o
 .text.prvTimerTask
                0x08006070       0x26 ./Middlewares/Third_Party/FreeRTOS/Source/timers.o
 *fill*         0x08006096        0x2 
 .text.prvProcessTimerOrBlockTask
                0x08006098       0x9c ./Middlewares/Third_Party/FreeRTOS/Source/timers.o
 .text.prvGetNextExpireTime
                0x08006134       0x48 ./Middlewares/Third_Party/FreeRTOS/Source/timers.o
 .text.prvSampleTimeNow
                0x0800617c       0x40 ./Middlewares/Third_Party/FreeRTOS/Source/timers.o
 .text.prvInsertTimerInActiveList
                0x080061bc       0x84 ./Middlewares/Third_Party/FreeRTOS/Source/timers.o
 .text.prvProcessReceivedCommands
                0x08006240      0x140 ./Middlewares/Third_Party/FreeRTOS/Source/timers.o
 .text.prvSwitchTimerLists
                0x08006380       0xc4 ./Middlewares/Third_Party/FreeRTOS/Source/timers.o
 .text.prvCheckForValidListAndQueue
                0x08006444       0x80 ./Middlewares/Third_Party/FreeRTOS/Source/timers.o
 .text.pxPortInitialiseStack
                0x080064c4       0x58 ./Middlewares/Third_Party/FreeRTOS/Source/portable/GCC/ARM_CM3/port.o
                0x080064c4                pxPortInitialiseStack
 .text.prvTaskExitError
                0x0800651c       0x58 ./Middlewares/Third_Party/FreeRTOS/Source/portable/GCC/ARM_CM3/port.o
 *fill*         0x08006574        0xc 
 .text.SVC_Handler
                0x08006580       0x28 ./Middlewares/Third_Party/FreeRTOS/Source/portable/GCC/ARM_CM3/port.o
                0x08006580                SVC_Handler
 .text.prvPortStartFirstTask
                0x080065a8       0x20 ./Middlewares/Third_Party/FreeRTOS/Source/portable/GCC/ARM_CM3/port.o
 .text.xPortStartScheduler
                0x080065c8       0xe4 ./Middlewares/Third_Party/FreeRTOS/Source/portable/GCC/ARM_CM3/port.o
                0x080065c8                xPortStartScheduler
 .text.vPortEnterCritical
                0x080066ac       0x60 ./Middlewares/Third_Party/FreeRTOS/Source/portable/GCC/ARM_CM3/port.o
                0x080066ac                vPortEnterCritical
 .text.vPortExitCritical
                0x0800670c       0x54 ./Middlewares/Third_Party/FreeRTOS/Source/portable/GCC/ARM_CM3/port.o
                0x0800670c                vPortExitCritical
 .text.PendSV_Handler
                0x08006760       0x48 ./Middlewares/Third_Party/FreeRTOS/Source/portable/GCC/ARM_CM3/port.o
                0x08006760                PendSV_Handler
 .text.SysTick_Handler
                0x080067a8       0x44 ./Middlewares/Third_Party/FreeRTOS/Source/portable/GCC/ARM_CM3/port.o
                0x080067a8                SysTick_Handler
 .text.vPortSetupTimerInterrupt
                0x080067ec       0x44 ./Middlewares/Third_Party/FreeRTOS/Source/portable/GCC/ARM_CM3/port.o
                0x080067ec                vPortSetupTimerInterrupt
 .text.vPortValidateInterruptPriority
                0x08006830       0x80 ./Middlewares/Third_Party/FreeRTOS/Source/portable/GCC/ARM_CM3/port.o
                0x08006830                vPortValidateInterruptPriority
 .text.pvPortMalloc
                0x080068b0      0x190 ./Middlewares/Third_Party/FreeRTOS/Source/portable/MemMang/heap_4.o
                0x080068b0                pvPortMalloc
 .text.vPortFree
                0x08006a40       0xb8 ./Middlewares/Third_Party/FreeRTOS/Source/portable/MemMang/heap_4.o
                0x08006a40                vPortFree
 .text.prvHeapInit
                0x08006af8       0xc4 ./Middlewares/Third_Party/FreeRTOS/Source/portable/MemMang/heap_4.o
 .text.prvInsertBlockIntoFreeList
                0x08006bbc       0xb0 ./Middlewares/Third_Party/FreeRTOS/Source/portable/MemMang/heap_4.o
 .text.memset   0x08006c6c       0x10 C:/Users/BaoThuan/STM32CubeIDE_1.12.1/STM32CubeIDE/plugins/com.st.stm32cube.ide.mcu.externaltools.gnu-tools-for-stm32.12.3.rel1.win32_1.0.100.202403111256/tools/bin/../lib/gcc/arm-none-eabi/12.3.1/../../../../arm-none-eabi/lib/thumb/v7-m/nofp\libc_nano.a(libc_a-memset.o)
                0x08006c6c                memset
 .text.__libc_init_array
                0x08006c7c       0x48 C:/Users/BaoThuan/STM32CubeIDE_1.12.1/STM32CubeIDE/plugins/com.st.stm32cube.ide.mcu.externaltools.gnu-tools-for-stm32.12.3.rel1.win32_1.0.100.202403111256/tools/bin/../lib/gcc/arm-none-eabi/12.3.1/../../../../arm-none-eabi/lib/thumb/v7-m/nofp\libc_nano.a(libc_a-init.o)
                0x08006c7c                __libc_init_array
 .text.memcpy   0x08006cc4       0x1c C:/Users/BaoThuan/STM32CubeIDE_1.12.1/STM32CubeIDE/plugins/com.st.stm32cube.ide.mcu.externaltools.gnu-tools-for-stm32.12.3.rel1.win32_1.0.100.202403111256/tools/bin/../lib/gcc/arm-none-eabi/12.3.1/../../../../arm-none-eabi/lib/thumb/v7-m/nofp\libc_nano.a(libc_a-memcpy-stub.o)
                0x08006cc4                memcpy
 *(.glue_7)
 .glue_7        0x08006ce0        0x0 linker stubs
 *(.glue_7t)
 .glue_7t       0x08006ce0        0x0 linker stubs
 *(.eh_frame)
 .eh_frame      0x08006ce0        0x0 C:/Users/BaoThuan/STM32CubeIDE_1.12.1/STM32CubeIDE/plugins/com.st.stm32cube.ide.mcu.externaltools.gnu-tools-for-stm32.12.3.rel1.win32_1.0.100.202403111256/tools/bin/../lib/gcc/arm-none-eabi/12.3.1/thumb/v7-m/nofp/crtbegin.o
 *(.init)
 .init          0x08006ce0        0x4 C:/Users/BaoThuan/STM32CubeIDE_1.12.1/STM32CubeIDE/plugins/com.st.stm32cube.ide.mcu.externaltools.gnu-tools-for-stm32.12.3.rel1.win32_1.0.100.202403111256/tools/bin/../lib/gcc/arm-none-eabi/12.3.1/thumb/v7-m/nofp/crti.o
                0x08006ce0                _init
 .init          0x08006ce4        0x8 C:/Users/BaoThuan/STM32CubeIDE_1.12.1/STM32CubeIDE/plugins/com.st.stm32cube.ide.mcu.externaltools.gnu-tools-for-stm32.12.3.rel1.win32_1.0.100.202403111256/tools/bin/../lib/gcc/arm-none-eabi/12.3.1/thumb/v7-m/nofp/crtn.o
 *(.fini)
 .fini          0x08006cec        0x4 C:/Users/BaoThuan/STM32CubeIDE_1.12.1/STM32CubeIDE/plugins/com.st.stm32cube.ide.mcu.externaltools.gnu-tools-for-stm32.12.3.rel1.win32_1.0.100.202403111256/tools/bin/../lib/gcc/arm-none-eabi/12.3.1/thumb/v7-m/nofp/crti.o
                0x08006cec                _fini
 .fini          0x08006cf0        0x8 C:/Users/BaoThuan/STM32CubeIDE_1.12.1/STM32CubeIDE/plugins/com.st.stm32cube.ide.mcu.externaltools.gnu-tools-for-stm32.12.3.rel1.win32_1.0.100.202403111256/tools/bin/../lib/gcc/arm-none-eabi/12.3.1/thumb/v7-m/nofp/crtn.o
                0x08006cf8                        . = ALIGN (0x4)
                0x08006cf8                        _etext = .

.vfp11_veneer   0x08006cf8        0x0
 .vfp11_veneer  0x08006cf8        0x0 linker stubs

.v4_bx          0x08006cf8        0x0
 .v4_bx         0x08006cf8        0x0 linker stubs

.iplt           0x08006cf8        0x0
 .iplt          0x08006cf8        0x0 C:/Users/BaoThuan/STM32CubeIDE_1.12.1/STM32CubeIDE/plugins/com.st.stm32cube.ide.mcu.externaltools.gnu-tools-for-stm32.12.3.rel1.win32_1.0.100.202403111256/tools/bin/../lib/gcc/arm-none-eabi/12.3.1/thumb/v7-m/nofp/crtbegin.o

.rodata         0x08006cf8       0xac
                0x08006cf8                        . = ALIGN (0x4)
 *(.rodata)
 .rodata        0x08006cf8       0x62 ./Core/Src/main.o
 *fill*         0x08006d5a        0x2 
 .rodata        0x08006d5c        0x1 ./Middlewares/Third_Party/FreeRTOS/Source/CMSIS_RTOS/cmsis_os.o
 *fill*         0x08006d5d        0x3 
 .rodata        0x08006d60        0x5 ./Middlewares/Third_Party/FreeRTOS/Source/tasks.o
 *fill*         0x08006d65        0x3 
 .rodata        0x08006d68        0xd ./Middlewares/Third_Party/FreeRTOS/Source/timers.o
 *(.rodata*)
 *fill*         0x08006d75        0x3 
 .rodata.AHBPrescTable
                0x08006d78       0x10 ./Core/Src/system_stm32f1xx.o
                0x08006d78                AHBPrescTable
 .rodata.APBPrescTable
                0x08006d88        0x8 ./Core/Src/system_stm32f1xx.o
                0x08006d88                APBPrescTable
 .rodata.aPLLMULFactorTable.1
                0x08006d90       0x10 ./Drivers/STM32F1xx_HAL_Driver/Src/stm32f1xx_hal_rcc.o
 .rodata.aPredivFactorTable.0
                0x08006da0        0x2 ./Drivers/STM32F1xx_HAL_Driver/Src/stm32f1xx_hal_rcc.o
                0x08006da4                        . = ALIGN (0x4)
 *fill*         0x08006da2        0x2 

.ARM.extab      0x08006da4        0x0
                0x08006da4                        . = ALIGN (0x4)
 *(.ARM.extab* .gnu.linkonce.armextab.*)
                0x08006da4                        . = ALIGN (0x4)

.ARM            0x08006da4        0x8
                0x08006da4                        . = ALIGN (0x4)
                0x08006da4                        __exidx_start = .
 *(.ARM.exidx*)
 .ARM.exidx     0x08006da4        0x8 C:/Users/BaoThuan/STM32CubeIDE_1.12.1/STM32CubeIDE/plugins/com.st.stm32cube.ide.mcu.externaltools.gnu-tools-for-stm32.12.3.rel1.win32_1.0.100.202403111256/tools/bin/../lib/gcc/arm-none-eabi/12.3.1/../../../../arm-none-eabi/lib/thumb/v7-m/nofp\libc_nano.a(libc_a-strlen.o)
                0x08006dac                        __exidx_end = .
                0x08006dac                        . = ALIGN (0x4)

.preinit_array  0x08006dac        0x0
                0x08006dac                        . = ALIGN (0x4)
                0x08006dac                        PROVIDE (__preinit_array_start = .)
 *(.preinit_array*)
                0x08006dac                        PROVIDE (__preinit_array_end = .)
                0x08006dac                        . = ALIGN (0x4)

.init_array     0x08006dac        0x4
                0x08006dac                        . = ALIGN (0x4)
                0x08006dac                        PROVIDE (__init_array_start = .)
 *(SORT_BY_NAME(.init_array.*))
 *(.init_array*)
 .init_array    0x08006dac        0x4 C:/Users/BaoThuan/STM32CubeIDE_1.12.1/STM32CubeIDE/plugins/com.st.stm32cube.ide.mcu.externaltools.gnu-tools-for-stm32.12.3.rel1.win32_1.0.100.202403111256/tools/bin/../lib/gcc/arm-none-eabi/12.3.1/thumb/v7-m/nofp/crtbegin.o
                0x08006db0                        PROVIDE (__init_array_end = .)
                0x08006db0                        . = ALIGN (0x4)

.fini_array     0x08006db0        0x4
                0x08006db0                        . = ALIGN (0x4)
                [!provide]                        PROVIDE (__fini_array_start = .)
 *(SORT_BY_NAME(.fini_array.*))
 *(.fini_array*)
 .fini_array    0x08006db0        0x4 C:/Users/BaoThuan/STM32CubeIDE_1.12.1/STM32CubeIDE/plugins/com.st.stm32cube.ide.mcu.externaltools.gnu-tools-for-stm32.12.3.rel1.win32_1.0.100.202403111256/tools/bin/../lib/gcc/arm-none-eabi/12.3.1/thumb/v7-m/nofp/crtbegin.o
                [!provide]                        PROVIDE (__fini_array_end = .)
                0x08006db4                        . = ALIGN (0x4)
                0x08006db4                        _sidata = LOADADDR (.data)

.rel.dyn        0x08006db4        0x0
 .rel.iplt      0x08006db4        0x0 C:/Users/BaoThuan/STM32CubeIDE_1.12.1/STM32CubeIDE/plugins/com.st.stm32cube.ide.mcu.externaltools.gnu-tools-for-stm32.12.3.rel1.win32_1.0.100.202403111256/tools/bin/../lib/gcc/arm-none-eabi/12.3.1/thumb/v7-m/nofp/crtbegin.o

.data           0x20000000       0x14 load address 0x08006db4
                0x20000000                        . = ALIGN (0x4)
                0x20000000                        _sdata = .
 *(.data)
 *(.data*)
 .data.rxCounter
                0x20000000        0x1 ./Core/Src/main.o
                0x20000000                rxCounter
 *fill*         0x20000001        0x3 
 .data.SystemCoreClock
                0x20000004        0x4 ./Core/Src/system_stm32f1xx.o
                0x20000004                SystemCoreClock
 .data.uwTickPrio
                0x20000008        0x4 ./Drivers/STM32F1xx_HAL_Driver/Src/stm32f1xx_hal.o
                0x20000008                uwTickPrio
 .data.uwTickFreq
                0x2000000c        0x1 ./Drivers/STM32F1xx_HAL_Driver/Src/stm32f1xx_hal.o
                0x2000000c                uwTickFreq
 *fill*         0x2000000d        0x3 
 .data.uxCriticalNesting
                0x20000010        0x4 ./Middlewares/Third_Party/FreeRTOS/Source/portable/GCC/ARM_CM3/port.o
 *(.RamFunc)
 *(.RamFunc*)
                0x20000014                        . = ALIGN (0x4)
                0x20000014                        _edata = .

.igot.plt       0x20000014        0x0 load address 0x08006dc8
 .igot.plt      0x20000014        0x0 C:/Users/BaoThuan/STM32CubeIDE_1.12.1/STM32CubeIDE/plugins/com.st.stm32cube.ide.mcu.externaltools.gnu-tools-for-stm32.12.3.rel1.win32_1.0.100.202403111256/tools/bin/../lib/gcc/arm-none-eabi/12.3.1/thumb/v7-m/nofp/crtbegin.o
                0x20000014                        . = ALIGN (0x4)

.bss            0x20000014     0x178c load address 0x08006dc8
                0x20000014                        _sbss = .
                0x20000014                        __bss_start__ = _sbss
 *(.bss)
 .bss           0x20000014       0x1c C:/Users/BaoThuan/STM32CubeIDE_1.12.1/STM32CubeIDE/plugins/com.st.stm32cube.ide.mcu.externaltools.gnu-tools-for-stm32.12.3.rel1.win32_1.0.100.202403111256/tools/bin/../lib/gcc/arm-none-eabi/12.3.1/thumb/v7-m/nofp/crtbegin.o
 *(.bss*)
 .bss.xIdleTaskTCBBuffer
                0x20000030       0x54 ./Core/Src/freertos.o
 .bss.xIdleStack
                0x20000084      0x200 ./Core/Src/freertos.o
 .bss.xTimerTaskTCBBuffer
                0x20000284       0x54 ./Core/Src/freertos.o
 .bss.xTimerStack
                0x200002d8      0x400 ./Core/Src/freertos.o
 .bss.hi2c1     0x200006d8       0x54 ./Core/Src/main.o
                0x200006d8                hi2c1
 .bss.hspi1     0x2000072c       0x58 ./Core/Src/main.o
                0x2000072c                hspi1
 .bss.htim1     0x20000784       0x48 ./Core/Src/main.o
                0x20000784                htim1
 .bss.htim2     0x200007cc       0x48 ./Core/Src/main.o
                0x200007cc                htim2
 .bss.huart1    0x20000814       0x48 ./Core/Src/main.o
                0x20000814                huart1
 .bss.huart2    0x2000085c       0x48 ./Core/Src/main.o
                0x2000085c                huart2
 .bss.GiveSemHandle
                0x200008a4        0x4 ./Core/Src/main.o
                0x200008a4                GiveSemHandle
 .bss.TakeSemHandle
                0x200008a8        0x4 ./Core/Src/main.o
                0x200008a8                TakeSemHandle
 .bss.myTimer01Handle
                0x200008ac        0x4 ./Core/Src/main.o
                0x200008ac                myTimer01Handle
 .bss.myBinarySem01Handle
                0x200008b0        0x4 ./Core/Src/main.o
                0x200008b0                myBinarySem01Handle
 .bss.rxData    0x200008b4        0x1 ./Core/Src/main.o
                0x200008b4                rxData
 *fill*         0x200008b5        0x3 
 .bss.rxArray   0x200008b8       0x14 ./Core/Src/main.o
                0x200008b8                rxArray
 .bss.htim3     0x200008cc       0x48 ./Core/Src/stm32f1xx_hal_timebase_tim.o
                0x200008cc                htim3
 .bss.uwTick    0x20000914        0x4 ./Drivers/STM32F1xx_HAL_Driver/Src/stm32f1xx_hal.o
                0x20000914                uwTick
 .bss.xQueueRegistry
                0x20000918       0x40 ./Middlewares/Third_Party/FreeRTOS/Source/queue.o
                0x20000918                xQueueRegistry
 .bss.pxCurrentTCB
                0x20000958        0x4 ./Middlewares/Third_Party/FreeRTOS/Source/tasks.o
                0x20000958                pxCurrentTCB
 .bss.pxReadyTasksLists
                0x2000095c       0x8c ./Middlewares/Third_Party/FreeRTOS/Source/tasks.o
 .bss.xDelayedTaskList1
                0x200009e8       0x14 ./Middlewares/Third_Party/FreeRTOS/Source/tasks.o
 .bss.xDelayedTaskList2
                0x200009fc       0x14 ./Middlewares/Third_Party/FreeRTOS/Source/tasks.o
 .bss.pxDelayedTaskList
                0x20000a10        0x4 ./Middlewares/Third_Party/FreeRTOS/Source/tasks.o
 .bss.pxOverflowDelayedTaskList
                0x20000a14        0x4 ./Middlewares/Third_Party/FreeRTOS/Source/tasks.o
 .bss.xPendingReadyList
                0x20000a18       0x14 ./Middlewares/Third_Party/FreeRTOS/Source/tasks.o
 .bss.xTasksWaitingTermination
                0x20000a2c       0x14 ./Middlewares/Third_Party/FreeRTOS/Source/tasks.o
 .bss.uxDeletedTasksWaitingCleanUp
                0x20000a40        0x4 ./Middlewares/Third_Party/FreeRTOS/Source/tasks.o
 .bss.xSuspendedTaskList
                0x20000a44       0x14 ./Middlewares/Third_Party/FreeRTOS/Source/tasks.o
 .bss.uxCurrentNumberOfTasks
                0x20000a58        0x4 ./Middlewares/Third_Party/FreeRTOS/Source/tasks.o
 .bss.xTickCount
                0x20000a5c        0x4 ./Middlewares/Third_Party/FreeRTOS/Source/tasks.o
 .bss.uxTopReadyPriority
                0x20000a60        0x4 ./Middlewares/Third_Party/FreeRTOS/Source/tasks.o
 .bss.xSchedulerRunning
                0x20000a64        0x4 ./Middlewares/Third_Party/FreeRTOS/Source/tasks.o
 .bss.uxPendedTicks
                0x20000a68        0x4 ./Middlewares/Third_Party/FreeRTOS/Source/tasks.o
 .bss.xYieldPending
                0x20000a6c        0x4 ./Middlewares/Third_Party/FreeRTOS/Source/tasks.o
 .bss.xNumOfOverflows
                0x20000a70        0x4 ./Middlewares/Third_Party/FreeRTOS/Source/tasks.o
 .bss.uxTaskNumber
                0x20000a74        0x4 ./Middlewares/Third_Party/FreeRTOS/Source/tasks.o
 .bss.xNextTaskUnblockTime
                0x20000a78        0x4 ./Middlewares/Third_Party/FreeRTOS/Source/tasks.o
 .bss.xIdleTaskHandle
                0x20000a7c        0x4 ./Middlewares/Third_Party/FreeRTOS/Source/tasks.o
 .bss.uxSchedulerSuspended
                0x20000a80        0x4 ./Middlewares/Third_Party/FreeRTOS/Source/tasks.o
 .bss.xActiveTimerList1
                0x20000a84       0x14 ./Middlewares/Third_Party/FreeRTOS/Source/timers.o
 .bss.xActiveTimerList2
                0x20000a98       0x14 ./Middlewares/Third_Party/FreeRTOS/Source/timers.o
 .bss.pxCurrentTimerList
                0x20000aac        0x4 ./Middlewares/Third_Party/FreeRTOS/Source/timers.o
 .bss.pxOverflowTimerList
                0x20000ab0        0x4 ./Middlewares/Third_Party/FreeRTOS/Source/timers.o
 .bss.xTimerQueue
                0x20000ab4        0x4 ./Middlewares/Third_Party/FreeRTOS/Source/timers.o
 .bss.xTimerTaskHandle
                0x20000ab8        0x4 ./Middlewares/Third_Party/FreeRTOS/Source/timers.o
 .bss.xLastTime.2
                0x20000abc        0x4 ./Middlewares/Third_Party/FreeRTOS/Source/timers.o
 .bss.ucStaticTimerQueueStorage.1
                0x20000ac0       0x78 ./Middlewares/Third_Party/FreeRTOS/Source/timers.o
 .bss.xStaticTimerQueue.0
                0x20000b38       0x48 ./Middlewares/Third_Party/FreeRTOS/Source/timers.o
 .bss.ucMaxSysCallPriority
                0x20000b80        0x1 ./Middlewares/Third_Party/FreeRTOS/Source/portable/GCC/ARM_CM3/port.o
 *fill*         0x20000b81        0x3 
 .bss.ulMaxPRIGROUPValue
                0x20000b84        0x4 ./Middlewares/Third_Party/FreeRTOS/Source/portable/GCC/ARM_CM3/port.o
 .bss.ucHeap    0x20000b88      0xc00 ./Middlewares/Third_Party/FreeRTOS/Source/portable/MemMang/heap_4.o
 .bss.xStart    0x20001788        0x8 ./Middlewares/Third_Party/FreeRTOS/Source/portable/MemMang/heap_4.o
 .bss.pxEnd     0x20001790        0x4 ./Middlewares/Third_Party/FreeRTOS/Source/portable/MemMang/heap_4.o
 .bss.xFreeBytesRemaining
                0x20001794        0x4 ./Middlewares/Third_Party/FreeRTOS/Source/portable/MemMang/heap_4.o
 .bss.xMinimumEverFreeBytesRemaining
                0x20001798        0x4 ./Middlewares/Third_Party/FreeRTOS/Source/portable/MemMang/heap_4.o
 .bss.xBlockAllocatedBit
                0x2000179c        0x4 ./Middlewares/Third_Party/FreeRTOS/Source/portable/MemMang/heap_4.o
 *(COMMON)
                0x200017a0                        . = ALIGN (0x4)
                0x200017a0                        _ebss = .
                0x200017a0                        __bss_end__ = _ebss

._user_heap_stack
                0x200017a0      0x600 load address 0x08006dc8
                0x200017a0                        . = ALIGN (0x8)
                [!provide]                        PROVIDE (end = .)
                0x200017a0                        PROVIDE (_end = .)
                0x200019a0                        . = (. + _Min_Heap_Size)
 *fill*         0x200017a0      0x200 
                0x20001da0                        . = (. + _Min_Stack_Size)
 *fill*         0x200019a0      0x400 
                0x20001da0                        . = ALIGN (0x8)

/DISCARD/
 libc.a(*)
 libm.a(*)
 libgcc.a(*)

.ARM.attributes
                0x00000000       0x29
 *(.ARM.attributes)
 .ARM.attributes
                0x00000000       0x1d C:/Users/BaoThuan/STM32CubeIDE_1.12.1/STM32CubeIDE/plugins/com.st.stm32cube.ide.mcu.externaltools.gnu-tools-for-stm32.12.3.rel1.win32_1.0.100.202403111256/tools/bin/../lib/gcc/arm-none-eabi/12.3.1/thumb/v7-m/nofp/crti.o
 .ARM.attributes
                0x0000001d       0x2d C:/Users/BaoThuan/STM32CubeIDE_1.12.1/STM32CubeIDE/plugins/com.st.stm32cube.ide.mcu.externaltools.gnu-tools-for-stm32.12.3.rel1.win32_1.0.100.202403111256/tools/bin/../lib/gcc/arm-none-eabi/12.3.1/thumb/v7-m/nofp/crtbegin.o
 .ARM.attributes
                0x0000004a       0x2d ./0_driver_main/i2c-lcd.o
 .ARM.attributes
                0x00000077       0x2d ./Core/Src/freertos.o
 .ARM.attributes
                0x000000a4       0x2d ./Core/Src/main.o
 .ARM.attributes
                0x000000d1       0x2d ./Core/Src/stm32f1xx_hal_msp.o
 .ARM.attributes
                0x000000fe       0x2d ./Core/Src/stm32f1xx_hal_timebase_tim.o
 .ARM.attributes
                0x0000012b       0x2d ./Core/Src/stm32f1xx_it.o
 .ARM.attributes
                0x00000158       0x2d ./Core/Src/system_stm32f1xx.o
 .ARM.attributes
                0x00000185       0x21 ./Core/Startup/startup_stm32f103c8tx.o
 .ARM.attributes
                0x000001a6       0x2d ./Drivers/STM32F1xx_HAL_Driver/Src/stm32f1xx_hal.o
 .ARM.attributes
                0x000001d3       0x2d ./Drivers/STM32F1xx_HAL_Driver/Src/stm32f1xx_hal_cortex.o
 .ARM.attributes
                0x00000200       0x2d ./Drivers/STM32F1xx_HAL_Driver/Src/stm32f1xx_hal_dma.o
 .ARM.attributes
                0x0000022d       0x2d ./Drivers/STM32F1xx_HAL_Driver/Src/stm32f1xx_hal_gpio.o
 .ARM.attributes
                0x0000025a       0x2d ./Drivers/STM32F1xx_HAL_Driver/Src/stm32f1xx_hal_i2c.o
 .ARM.attributes
                0x00000287       0x2d ./Drivers/STM32F1xx_HAL_Driver/Src/stm32f1xx_hal_rcc.o
 .ARM.attributes
                0x000002b4       0x2d ./Drivers/STM32F1xx_HAL_Driver/Src/stm32f1xx_hal_spi.o
 .ARM.attributes
                0x000002e1       0x2d ./Drivers/STM32F1xx_HAL_Driver/Src/stm32f1xx_hal_tim.o
 .ARM.attributes
                0x0000030e       0x2d ./Drivers/STM32F1xx_HAL_Driver/Src/stm32f1xx_hal_tim_ex.o
 .ARM.attributes
                0x0000033b       0x2d ./Drivers/STM32F1xx_HAL_Driver/Src/stm32f1xx_hal_uart.o
 .ARM.attributes
                0x00000368       0x2d ./Middlewares/Third_Party/FreeRTOS/Source/CMSIS_RTOS/cmsis_os.o
 .ARM.attributes
                0x00000395       0x2d ./Middlewares/Third_Party/FreeRTOS/Source/list.o
 .ARM.attributes
                0x000003c2       0x2d ./Middlewares/Third_Party/FreeRTOS/Source/queue.o
 .ARM.attributes
                0x000003ef       0x2d ./Middlewares/Third_Party/FreeRTOS/Source/tasks.o
 .ARM.attributes
                0x0000041c       0x2d ./Middlewares/Third_Party/FreeRTOS/Source/timers.o
 .ARM.attributes
                0x00000449       0x2d ./Middlewares/Third_Party/FreeRTOS/Source/portable/GCC/ARM_CM3/port.o
 .ARM.attributes
                0x00000476       0x2d ./Middlewares/Third_Party/FreeRTOS/Source/portable/MemMang/heap_4.o
 .ARM.attributes
                0x000004a3       0x2d C:/Users/BaoThuan/STM32CubeIDE_1.12.1/STM32CubeIDE/plugins/com.st.stm32cube.ide.mcu.externaltools.gnu-tools-for-stm32.12.3.rel1.win32_1.0.100.202403111256/tools/bin/../lib/gcc/arm-none-eabi/12.3.1/../../../../arm-none-eabi/lib/thumb/v7-m/nofp\libc_nano.a(libc_a-memset.o)
 .ARM.attributes
                0x000004d0       0x2d C:/Users/BaoThuan/STM32CubeIDE_1.12.1/STM32CubeIDE/plugins/com.st.stm32cube.ide.mcu.externaltools.gnu-tools-for-stm32.12.3.rel1.win32_1.0.100.202403111256/tools/bin/../lib/gcc/arm-none-eabi/12.3.1/../../../../arm-none-eabi/lib/thumb/v7-m/nofp\libc_nano.a(libc_a-init.o)
 .ARM.attributes
                0x000004fd       0x2d C:/Users/BaoThuan/STM32CubeIDE_1.12.1/STM32CubeIDE/plugins/com.st.stm32cube.ide.mcu.externaltools.gnu-tools-for-stm32.12.3.rel1.win32_1.0.100.202403111256/tools/bin/../lib/gcc/arm-none-eabi/12.3.1/../../../../arm-none-eabi/lib/thumb/v7-m/nofp\libc_nano.a(libc_a-memcpy-stub.o)
 .ARM.attributes
                0x0000052a       0x17 C:/Users/BaoThuan/STM32CubeIDE_1.12.1/STM32CubeIDE/plugins/com.st.stm32cube.ide.mcu.externaltools.gnu-tools-for-stm32.12.3.rel1.win32_1.0.100.202403111256/tools/bin/../lib/gcc/arm-none-eabi/12.3.1/../../../../arm-none-eabi/lib/thumb/v7-m/nofp\libc_nano.a(libc_a-strlen.o)
 .ARM.attributes
                0x00000541       0x1d C:/Users/BaoThuan/STM32CubeIDE_1.12.1/STM32CubeIDE/plugins/com.st.stm32cube.ide.mcu.externaltools.gnu-tools-for-stm32.12.3.rel1.win32_1.0.100.202403111256/tools/bin/../lib/gcc/arm-none-eabi/12.3.1/thumb/v7-m/nofp/crtn.o
OUTPUT(0_main_prj_tmrSW.elf elf32-littlearm)
LOAD linker stubs
LOAD C:/Users/BaoThuan/STM32CubeIDE_1.12.1/STM32CubeIDE/plugins/com.st.stm32cube.ide.mcu.externaltools.gnu-tools-for-stm32.12.3.rel1.win32_1.0.100.202403111256/tools/bin/../lib/gcc/arm-none-eabi/12.3.1/../../../../arm-none-eabi/lib/thumb/v7-m/nofp\libc.a
LOAD C:/Users/BaoThuan/STM32CubeIDE_1.12.1/STM32CubeIDE/plugins/com.st.stm32cube.ide.mcu.externaltools.gnu-tools-for-stm32.12.3.rel1.win32_1.0.100.202403111256/tools/bin/../lib/gcc/arm-none-eabi/12.3.1/../../../../arm-none-eabi/lib/thumb/v7-m/nofp\libm.a
LOAD C:/Users/BaoThuan/STM32CubeIDE_1.12.1/STM32CubeIDE/plugins/com.st.stm32cube.ide.mcu.externaltools.gnu-tools-for-stm32.12.3.rel1.win32_1.0.100.202403111256/tools/bin/../lib/gcc/arm-none-eabi/12.3.1/thumb/v7-m/nofp\libgcc.a

.debug_info     0x00000000    0x18f79
 .debug_info    0x00000000      0x96e ./0_driver_main/i2c-lcd.o
 .debug_info    0x0000096e      0x2eb ./Core/Src/freertos.o
 .debug_info    0x00000c59     0x1fff ./Core/Src/main.o
 .debug_info    0x00002c58     0x142b ./Core/Src/stm32f1xx_hal_msp.o
 .debug_info    0x00004083      0x9a8 ./Core/Src/stm32f1xx_hal_timebase_tim.o
 .debug_info    0x00004a2b      0x960 ./Core/Src/stm32f1xx_it.o
 .debug_info    0x0000538b      0x222 ./Core/Src/system_stm32f1xx.o
 .debug_info    0x000055ad       0x30 ./Core/Startup/startup_stm32f103c8tx.o
 .debug_info    0x000055dd      0x704 ./Drivers/STM32F1xx_HAL_Driver/Src/stm32f1xx_hal.o
 .debug_info    0x00005ce1      0xa87 ./Drivers/STM32F1xx_HAL_Driver/Src/stm32f1xx_hal_cortex.o
 .debug_info    0x00006768      0x6d2 ./Drivers/STM32F1xx_HAL_Driver/Src/stm32f1xx_hal_dma.o
 .debug_info    0x00006e3a      0x5ab ./Drivers/STM32F1xx_HAL_Driver/Src/stm32f1xx_hal_gpio.o
 .debug_info    0x000073e5     0x2515 ./Drivers/STM32F1xx_HAL_Driver/Src/stm32f1xx_hal_i2c.o
 .debug_info    0x000098fa      0x7d5 ./Drivers/STM32F1xx_HAL_Driver/Src/stm32f1xx_hal_rcc.o
 .debug_info    0x0000a0cf     0x1503 ./Drivers/STM32F1xx_HAL_Driver/Src/stm32f1xx_hal_spi.o
 .debug_info    0x0000b5d2     0x293b ./Drivers/STM32F1xx_HAL_Driver/Src/stm32f1xx_hal_tim.o
 .debug_info    0x0000df0d     0x149b ./Drivers/STM32F1xx_HAL_Driver/Src/stm32f1xx_hal_tim_ex.o
 .debug_info    0x0000f3a8     0x2fa8 ./Drivers/STM32F1xx_HAL_Driver/Src/stm32f1xx_hal_uart.o
 .debug_info    0x00012350     0x1c10 ./Middlewares/Third_Party/FreeRTOS/Source/CMSIS_RTOS/cmsis_os.o
 .debug_info    0x00013f60      0x2aa ./Middlewares/Third_Party/FreeRTOS/Source/list.o
 .debug_info    0x0001420a     0x1790 ./Middlewares/Third_Party/FreeRTOS/Source/queue.o
 .debug_info    0x0001599a     0x1c28 ./Middlewares/Third_Party/FreeRTOS/Source/tasks.o
 .debug_info    0x000175c2     0x1160 ./Middlewares/Third_Party/FreeRTOS/Source/timers.o
 .debug_info    0x00018722      0x494 ./Middlewares/Third_Party/FreeRTOS/Source/portable/GCC/ARM_CM3/port.o
 .debug_info    0x00018bb6      0x3c3 ./Middlewares/Third_Party/FreeRTOS/Source/portable/MemMang/heap_4.o

.debug_abbrev   0x00000000     0x398f
 .debug_abbrev  0x00000000      0x1fc ./0_driver_main/i2c-lcd.o
 .debug_abbrev  0x000001fc       0xea ./Core/Src/freertos.o
 .debug_abbrev  0x000002e6      0x371 ./Core/Src/main.o
 .debug_abbrev  0x00000657      0x255 ./Core/Src/stm32f1xx_hal_msp.o
 .debug_abbrev  0x000008ac      0x1f3 ./Core/Src/stm32f1xx_hal_timebase_tim.o
 .debug_abbrev  0x00000a9f      0x19d ./Core/Src/stm32f1xx_it.o
 .debug_abbrev  0x00000c3c      0x13f ./Core/Src/system_stm32f1xx.o
 .debug_abbrev  0x00000d7b       0x24 ./Core/Startup/startup_stm32f103c8tx.o
 .debug_abbrev  0x00000d9f      0x201 ./Drivers/STM32F1xx_HAL_Driver/Src/stm32f1xx_hal.o
 .debug_abbrev  0x00000fa0      0x2f8 ./Drivers/STM32F1xx_HAL_Driver/Src/stm32f1xx_hal_cortex.o
 .debug_abbrev  0x00001298      0x20b ./Drivers/STM32F1xx_HAL_Driver/Src/stm32f1xx_hal_dma.o
 .debug_abbrev  0x000014a3      0x1ca ./Drivers/STM32F1xx_HAL_Driver/Src/stm32f1xx_hal_gpio.o
 .debug_abbrev  0x0000166d      0x2a3 ./Drivers/STM32F1xx_HAL_Driver/Src/stm32f1xx_hal_i2c.o
 .debug_abbrev  0x00001910      0x2b3 ./Drivers/STM32F1xx_HAL_Driver/Src/stm32f1xx_hal_rcc.o
 .debug_abbrev  0x00001bc3      0x284 ./Drivers/STM32F1xx_HAL_Driver/Src/stm32f1xx_hal_spi.o
 .debug_abbrev  0x00001e47      0x277 ./Drivers/STM32F1xx_HAL_Driver/Src/stm32f1xx_hal_tim.o
 .debug_abbrev  0x000020be      0x282 ./Drivers/STM32F1xx_HAL_Driver/Src/stm32f1xx_hal_tim_ex.o
 .debug_abbrev  0x00002340      0x2f8 ./Drivers/STM32F1xx_HAL_Driver/Src/stm32f1xx_hal_uart.o
 .debug_abbrev  0x00002638      0x39e ./Middlewares/Third_Party/FreeRTOS/Source/CMSIS_RTOS/cmsis_os.o
 .debug_abbrev  0x000029d6       0xf5 ./Middlewares/Third_Party/FreeRTOS/Source/list.o
 .debug_abbrev  0x00002acb      0x3ce ./Middlewares/Third_Party/FreeRTOS/Source/queue.o
 .debug_abbrev  0x00002e99      0x36d ./Middlewares/Third_Party/FreeRTOS/Source/tasks.o
 .debug_abbrev  0x00003206      0x32c ./Middlewares/Third_Party/FreeRTOS/Source/timers.o
 .debug_abbrev  0x00003532      0x258 ./Middlewares/Third_Party/FreeRTOS/Source/portable/GCC/ARM_CM3/port.o
 .debug_abbrev  0x0000378a      0x205 ./Middlewares/Third_Party/FreeRTOS/Source/portable/MemMang/heap_4.o

.debug_aranges  0x00000000     0x1800
 .debug_aranges
                0x00000000       0x78 ./0_driver_main/i2c-lcd.o
 .debug_aranges
                0x00000078       0x28 ./Core/Src/freertos.o
 .debug_aranges
                0x000000a0       0xa0 ./Core/Src/main.o
 .debug_aranges
                0x00000140       0x70 ./Core/Src/stm32f1xx_hal_msp.o
 .debug_aranges
                0x000001b0       0x30 ./Core/Src/stm32f1xx_hal_timebase_tim.o
 .debug_aranges
                0x000001e0       0x70 ./Core/Src/stm32f1xx_it.o
 .debug_aranges
                0x00000250       0x28 ./Core/Src/system_stm32f1xx.o
 .debug_aranges
                0x00000278       0x28 ./Core/Startup/startup_stm32f103c8tx.o
 .debug_aranges
                0x000002a0       0xe0 ./Drivers/STM32F1xx_HAL_Driver/Src/stm32f1xx_hal.o
 .debug_aranges
                0x00000380      0x100 ./Drivers/STM32F1xx_HAL_Driver/Src/stm32f1xx_hal_cortex.o
 .debug_aranges
                0x00000480       0x80 ./Drivers/STM32F1xx_HAL_Driver/Src/stm32f1xx_hal_dma.o
 .debug_aranges
                0x00000500       0x58 ./Drivers/STM32F1xx_HAL_Driver/Src/stm32f1xx_hal_gpio.o
 .debug_aranges
                0x00000558      0x2a8 ./Drivers/STM32F1xx_HAL_Driver/Src/stm32f1xx_hal_i2c.o
 .debug_aranges
                0x00000800       0x90 ./Drivers/STM32F1xx_HAL_Driver/Src/stm32f1xx_hal_rcc.o
 .debug_aranges
                0x00000890      0x1d0 ./Drivers/STM32F1xx_HAL_Driver/Src/stm32f1xx_hal_spi.o
 .debug_aranges
                0x00000a60      0x3d0 ./Drivers/STM32F1xx_HAL_Driver/Src/stm32f1xx_hal_tim.o
 .debug_aranges
                0x00000e30      0x168 ./Drivers/STM32F1xx_HAL_Driver/Src/stm32f1xx_hal_tim_ex.o
 .debug_aranges
                0x00000f98      0x208 ./Drivers/STM32F1xx_HAL_Driver/Src/stm32f1xx_hal_uart.o
 .debug_aranges
                0x000011a0      0x1d8 ./Middlewares/Third_Party/FreeRTOS/Source/CMSIS_RTOS/cmsis_os.o
 .debug_aranges
                0x00001378       0x40 ./Middlewares/Third_Party/FreeRTOS/Source/list.o
 .debug_aranges
                0x000013b8      0x110 ./Middlewares/Third_Party/FreeRTOS/Source/queue.o
 .debug_aranges
                0x000014c8      0x1b0 ./Middlewares/Third_Party/FreeRTOS/Source/tasks.o
 .debug_aranges
                0x00001678       0xc0 ./Middlewares/Third_Party/FreeRTOS/Source/timers.o
 .debug_aranges
                0x00001738       0x78 ./Middlewares/Third_Party/FreeRTOS/Source/portable/GCC/ARM_CM3/port.o
 .debug_aranges
                0x000017b0       0x50 ./Middlewares/Third_Party/FreeRTOS/Source/portable/MemMang/heap_4.o

.debug_rnglists
                0x00000000     0x12d9
 .debug_rnglists
                0x00000000       0x5a ./0_driver_main/i2c-lcd.o
 .debug_rnglists
                0x0000005a       0x19 ./Core/Src/freertos.o
 .debug_rnglists
                0x00000073       0x79 ./Core/Src/main.o
 .debug_rnglists
                0x000000ec       0x52 ./Core/Src/stm32f1xx_hal_msp.o
 .debug_rnglists
                0x0000013e       0x20 ./Core/Src/stm32f1xx_hal_timebase_tim.o
 .debug_rnglists
                0x0000015e       0x4f ./Core/Src/stm32f1xx_it.o
 .debug_rnglists
                0x000001ad       0x1a ./Core/Src/system_stm32f1xx.o
 .debug_rnglists
                0x000001c7       0x19 ./Core/Startup/startup_stm32f103c8tx.o
 .debug_rnglists
                0x000001e0       0xa3 ./Drivers/STM32F1xx_HAL_Driver/Src/stm32f1xx_hal.o
 .debug_rnglists
                0x00000283       0xbb ./Drivers/STM32F1xx_HAL_Driver/Src/stm32f1xx_hal_cortex.o
 .debug_rnglists
                0x0000033e       0x64 ./Drivers/STM32F1xx_HAL_Driver/Src/stm32f1xx_hal_dma.o
 .debug_rnglists
                0x000003a2       0x3f ./Drivers/STM32F1xx_HAL_Driver/Src/stm32f1xx_hal_gpio.o
 .debug_rnglists
                0x000003e1      0x23c ./Drivers/STM32F1xx_HAL_Driver/Src/stm32f1xx_hal_i2c.o
 .debug_rnglists
                0x0000061d       0x6c ./Drivers/STM32F1xx_HAL_Driver/Src/stm32f1xx_hal_rcc.o
 .debug_rnglists
                0x00000689      0x16e ./Drivers/STM32F1xx_HAL_Driver/Src/stm32f1xx_hal_spi.o
 .debug_rnglists
                0x000007f7      0x31a ./Drivers/STM32F1xx_HAL_Driver/Src/stm32f1xx_hal_tim.o
 .debug_rnglists
                0x00000b11      0x125 ./Drivers/STM32F1xx_HAL_Driver/Src/stm32f1xx_hal_tim_ex.o
 .debug_rnglists
                0x00000c36      0x1bc ./Drivers/STM32F1xx_HAL_Driver/Src/stm32f1xx_hal_uart.o
 .debug_rnglists
                0x00000df2      0x16b ./Middlewares/Third_Party/FreeRTOS/Source/CMSIS_RTOS/cmsis_os.o
 .debug_rnglists
                0x00000f5d       0x2b ./Middlewares/Third_Party/FreeRTOS/Source/list.o
 .debug_rnglists
                0x00000f88       0xd3 ./Middlewares/Third_Party/FreeRTOS/Source/queue.o
 .debug_rnglists
                0x0000105b      0x159 ./Middlewares/Third_Party/FreeRTOS/Source/tasks.o
 .debug_rnglists
                0x000011b4       0x93 ./Middlewares/Third_Party/FreeRTOS/Source/timers.o
 .debug_rnglists
                0x00001247       0x57 ./Middlewares/Third_Party/FreeRTOS/Source/portable/GCC/ARM_CM3/port.o
 .debug_rnglists
                0x0000129e       0x3b ./Middlewares/Third_Party/FreeRTOS/Source/portable/MemMang/heap_4.o

.debug_macro    0x00000000    0x1a492
 .debug_macro   0x00000000      0x294 ./0_driver_main/i2c-lcd.o
 .debug_macro   0x00000294      0xaa8 ./0_driver_main/i2c-lcd.o
 .debug_macro   0x00000d3c      0x227 ./0_driver_main/i2c-lcd.o
 .debug_macro   0x00000f63       0x2e ./0_driver_main/i2c-lcd.o
 .debug_macro   0x00000f91       0x22 ./0_driver_main/i2c-lcd.o
 .debug_macro   0x00000fb3       0x22 ./0_driver_main/i2c-lcd.o
 .debug_macro   0x00000fd5       0x8e ./0_driver_main/i2c-lcd.o
 .debug_macro   0x00001063       0x51 ./0_driver_main/i2c-lcd.o
 .debug_macro   0x000010b4      0x103 ./0_driver_main/i2c-lcd.o
 .debug_macro   0x000011b7       0x6a ./0_driver_main/i2c-lcd.o
 .debug_macro   0x00001221      0x1df ./0_driver_main/i2c-lcd.o
 .debug_macro   0x00001400       0x1c ./0_driver_main/i2c-lcd.o
 .debug_macro   0x0000141c       0x22 ./0_driver_main/i2c-lcd.o
 .debug_macro   0x0000143e       0xbd ./0_driver_main/i2c-lcd.o
 .debug_macro   0x000014fb      0xd23 ./0_driver_main/i2c-lcd.o
 .debug_macro   0x0000221e     0xe09e ./0_driver_main/i2c-lcd.o
 .debug_macro   0x000102bc       0x6d ./0_driver_main/i2c-lcd.o
 .debug_macro   0x00010329     0x348d ./0_driver_main/i2c-lcd.o
 .debug_macro   0x000137b6      0x189 ./0_driver_main/i2c-lcd.o
 .debug_macro   0x0001393f       0x5c ./0_driver_main/i2c-lcd.o
 .debug_macro   0x0001399b      0x5bc ./0_driver_main/i2c-lcd.o
 .debug_macro   0x00013f57      0x289 ./0_driver_main/i2c-lcd.o
 .debug_macro   0x000141e0      0x1cb ./0_driver_main/i2c-lcd.o
 .debug_macro   0x000143ab      0x114 ./0_driver_main/i2c-lcd.o
 .debug_macro   0x000144bf      0x1b2 ./0_driver_main/i2c-lcd.o
 .debug_macro   0x00014671       0x27 ./0_driver_main/i2c-lcd.o
 .debug_macro   0x00014698      0x136 ./0_driver_main/i2c-lcd.o
 .debug_macro   0x000147ce      0x1bc ./0_driver_main/i2c-lcd.o
 .debug_macro   0x0001498a       0x34 ./0_driver_main/i2c-lcd.o
 .debug_macro   0x000149be       0x3c ./0_driver_main/i2c-lcd.o
 .debug_macro   0x000149fa       0x57 ./0_driver_main/i2c-lcd.o
 .debug_macro   0x00014a51       0x87 ./0_driver_main/i2c-lcd.o
 .debug_macro   0x00014ad8      0x240 ./0_driver_main/i2c-lcd.o
 .debug_macro   0x00014d18      0x287 ./0_driver_main/i2c-lcd.o
 .debug_macro   0x00014f9f      0x140 ./0_driver_main/i2c-lcd.o
 .debug_macro   0x000150df      0x217 ./0_driver_main/i2c-lcd.o
 .debug_macro   0x000152f6      0x8ed ./0_driver_main/i2c-lcd.o
 .debug_macro   0x00015be3      0x28e ./0_driver_main/i2c-lcd.o
 .debug_macro   0x00015e71       0x83 ./0_driver_main/i2c-lcd.o
 .debug_macro   0x00015ef4       0x61 ./0_driver_main/i2c-lcd.o
 .debug_macro   0x00015f55       0x24 ./0_driver_main/i2c-lcd.o
 .debug_macro   0x00015f79       0x43 ./0_driver_main/i2c-lcd.o
 .debug_macro   0x00015fbc       0x34 ./0_driver_main/i2c-lcd.o
 .debug_macro   0x00015ff0       0x16 ./0_driver_main/i2c-lcd.o
 .debug_macro   0x00016006       0x43 ./0_driver_main/i2c-lcd.o
 .debug_macro   0x00016049       0x34 ./0_driver_main/i2c-lcd.o
 .debug_macro   0x0001607d       0x10 ./0_driver_main/i2c-lcd.o
 .debug_macro   0x0001608d       0x58 ./0_driver_main/i2c-lcd.o
 .debug_macro   0x000160e5       0x8e ./0_driver_main/i2c-lcd.o
 .debug_macro   0x00016173       0x1c ./0_driver_main/i2c-lcd.o
 .debug_macro   0x0001618f      0x177 ./0_driver_main/i2c-lcd.o
 .debug_macro   0x00016306      0x369 ./0_driver_main/i2c-lcd.o
 .debug_macro   0x0001666f       0x10 ./0_driver_main/i2c-lcd.o
 .debug_macro   0x0001667f       0x35 ./0_driver_main/i2c-lcd.o
 .debug_macro   0x000166b4       0x20 ./0_driver_main/i2c-lcd.o
 .debug_macro   0x000166d4       0xe2 ./0_driver_main/i2c-lcd.o
 .debug_macro   0x000167b6      0x22e ./Core/Src/freertos.o
 .debug_macro   0x000169e4       0xef ./Core/Src/freertos.o
 .debug_macro   0x00016ad3      0x15a ./Core/Src/freertos.o
 .debug_macro   0x00016c2d       0xd7 ./Core/Src/freertos.o
 .debug_macro   0x00016d04       0x10 ./Core/Src/freertos.o
 .debug_macro   0x00016d14       0x1f ./Core/Src/freertos.o
 .debug_macro   0x00016d33      0x4b0 ./Core/Src/freertos.o
 .debug_macro   0x000171e3       0xb5 ./Core/Src/freertos.o
 .debug_macro   0x00017298       0x8c ./Core/Src/freertos.o
 .debug_macro   0x00017324      0x1b5 ./Core/Src/freertos.o
 .debug_macro   0x000174d9      0x396 ./Core/Src/main.o
 .debug_macro   0x0001786f       0xef ./Core/Src/main.o
 .debug_macro   0x0001795e       0x91 ./Core/Src/main.o
 .debug_macro   0x000179ef       0x8d ./Core/Src/main.o
 .debug_macro   0x00017a7c       0x7e ./Core/Src/main.o
 .debug_macro   0x00017afa       0x19 ./Core/Src/main.o
 .debug_macro   0x00017b13       0xf2 ./Core/Src/main.o
 .debug_macro   0x00017c05       0x16 ./Core/Src/main.o
 .debug_macro   0x00017c1b       0x10 ./Core/Src/main.o
 .debug_macro   0x00017c2b       0x16 ./Core/Src/main.o
 .debug_macro   0x00017c41       0x16 ./Core/Src/main.o
 .debug_macro   0x00017c57      0x146 ./Core/Src/main.o
 .debug_macro   0x00017d9d       0x16 ./Core/Src/main.o
 .debug_macro   0x00017db3      0x1c6 ./Core/Src/stm32f1xx_hal_msp.o
 .debug_macro   0x00017f79      0x1b7 ./Core/Src/stm32f1xx_hal_timebase_tim.o
 .debug_macro   0x00018130      0x1d0 ./Core/Src/stm32f1xx_it.o
 .debug_macro   0x00018300      0x1b7 ./Core/Src/system_stm32f1xx.o
 .debug_macro   0x000184b7      0x1db ./Drivers/STM32F1xx_HAL_Driver/Src/stm32f1xx_hal.o
 .debug_macro   0x00018692      0x1b7 ./Drivers/STM32F1xx_HAL_Driver/Src/stm32f1xx_hal_cortex.o
 .debug_macro   0x00018849      0x1b7 ./Drivers/STM32F1xx_HAL_Driver/Src/stm32f1xx_hal_dma.o
 .debug_macro   0x00018a00      0x222 ./Drivers/STM32F1xx_HAL_Driver/Src/stm32f1xx_hal_gpio.o
 .debug_macro   0x00018c22      0x205 ./Drivers/STM32F1xx_HAL_Driver/Src/stm32f1xx_hal_i2c.o
 .debug_macro   0x00018e27      0x1c9 ./Drivers/STM32F1xx_HAL_Driver/Src/stm32f1xx_hal_rcc.o
 .debug_macro   0x00018ff0      0x1bf ./Drivers/STM32F1xx_HAL_Driver/Src/stm32f1xx_hal_spi.o
 .debug_macro   0x000191af      0x1b8 ./Drivers/STM32F1xx_HAL_Driver/Src/stm32f1xx_hal_tim.o
 .debug_macro   0x00019367      0x1b7 ./Drivers/STM32F1xx_HAL_Driver/Src/stm32f1xx_hal_tim_ex.o
 .debug_macro   0x0001951e      0x1b8 ./Drivers/STM32F1xx_HAL_Driver/Src/stm32f1xx_hal_uart.o
 .debug_macro   0x000196d6      0x1fe ./Middlewares/Third_Party/FreeRTOS/Source/CMSIS_RTOS/cmsis_os.o
 .debug_macro   0x000198d4       0xab ./Middlewares/Third_Party/FreeRTOS/Source/CMSIS_RTOS/cmsis_os.o
 .debug_macro   0x0001997f      0x187 ./Middlewares/Third_Party/FreeRTOS/Source/list.o
 .debug_macro   0x00019b06      0x212 ./Middlewares/Third_Party/FreeRTOS/Source/queue.o
 .debug_macro   0x00019d18      0x280 ./Middlewares/Third_Party/FreeRTOS/Source/tasks.o
 .debug_macro   0x00019f98       0x10 ./Middlewares/Third_Party/FreeRTOS/Source/tasks.o
 .debug_macro   0x00019fa8      0x1ca ./Middlewares/Third_Party/FreeRTOS/Source/timers.o
 .debug_macro   0x0001a172      0x172 ./Middlewares/Third_Party/FreeRTOS/Source/portable/GCC/ARM_CM3/port.o
 .debug_macro   0x0001a2e4      0x1ae ./Middlewares/Third_Party/FreeRTOS/Source/portable/MemMang/heap_4.o

.debug_line     0x00000000    0x1d055
 .debug_line    0x00000000      0xd61 ./0_driver_main/i2c-lcd.o
 .debug_line    0x00000d61      0x906 ./Core/Src/freertos.o
 .debug_line    0x00001667     0x1076 ./Core/Src/main.o
 .debug_line    0x000026dd      0x999 ./Core/Src/stm32f1xx_hal_msp.o
 .debug_line    0x00003076      0x866 ./Core/Src/stm32f1xx_hal_timebase_tim.o
 .debug_line    0x000038dc      0x8e9 ./Core/Src/stm32f1xx_it.o
 .debug_line    0x000041c5      0x868 ./Core/Src/system_stm32f1xx.o
 .debug_line    0x00004a2d       0x78 ./Core/Startup/startup_stm32f103c8tx.o
 .debug_line    0x00004aa5      0xa95 ./Drivers/STM32F1xx_HAL_Driver/Src/stm32f1xx_hal.o
 .debug_line    0x0000553a      0xc81 ./Drivers/STM32F1xx_HAL_Driver/Src/stm32f1xx_hal_cortex.o
 .debug_line    0x000061bb      0xeee ./Drivers/STM32F1xx_HAL_Driver/Src/stm32f1xx_hal_dma.o
 .debug_line    0x000070a9      0xb2e ./Drivers/STM32F1xx_HAL_Driver/Src/stm32f1xx_hal_gpio.o
 .debug_line    0x00007bd7     0x3d02 ./Drivers/STM32F1xx_HAL_Driver/Src/stm32f1xx_hal_i2c.o
 .debug_line    0x0000b8d9      0xe9e ./Drivers/STM32F1xx_HAL_Driver/Src/stm32f1xx_hal_rcc.o
 .debug_line    0x0000c777     0x1d47 ./Drivers/STM32F1xx_HAL_Driver/Src/stm32f1xx_hal_spi.o
 .debug_line    0x0000e4be     0x359f ./Drivers/STM32F1xx_HAL_Driver/Src/stm32f1xx_hal_tim.o
 .debug_line    0x00011a5d     0x19f4 ./Drivers/STM32F1xx_HAL_Driver/Src/stm32f1xx_hal_tim_ex.o
 .debug_line    0x00013451     0x29de ./Drivers/STM32F1xx_HAL_Driver/Src/stm32f1xx_hal_uart.o
 .debug_line    0x00015e2f     0x14bb ./Middlewares/Third_Party/FreeRTOS/Source/CMSIS_RTOS/cmsis_os.o
 .debug_line    0x000172ea      0x947 ./Middlewares/Third_Party/FreeRTOS/Source/list.o
 .debug_line    0x00017c31     0x170b ./Middlewares/Third_Party/FreeRTOS/Source/queue.o
 .debug_line    0x0001933c     0x1b57 ./Middlewares/Third_Party/FreeRTOS/Source/tasks.o
 .debug_line    0x0001ae93      0xe21 ./Middlewares/Third_Party/FreeRTOS/Source/timers.o
 .debug_line    0x0001bcb4      0x895 ./Middlewares/Third_Party/FreeRTOS/Source/portable/GCC/ARM_CM3/port.o
 .debug_line    0x0001c549      0xb0c ./Middlewares/Third_Party/FreeRTOS/Source/portable/MemMang/heap_4.o

.debug_str      0x00000000    0x97bb6
 .debug_str     0x00000000    0x89a1d ./0_driver_main/i2c-lcd.o
                              0x89e1b (size before relaxing)
 .debug_str     0x00089a1d     0x3f67 ./Core/Src/freertos.o
                              0x8a2d8 (size before relaxing)
 .debug_str     0x0008d984     0x39f6 ./Core/Src/main.o
                              0x91649 (size before relaxing)
 .debug_str     0x0009137a      0x165 ./Core/Src/stm32f1xx_hal_msp.o
                              0x8766f (size before relaxing)
 .debug_str     0x000914df       0xf5 ./Core/Src/stm32f1xx_hal_timebase_tim.o
                              0x86cae (size before relaxing)
 .debug_str     0x000915d4      0x12e ./Core/Src/stm32f1xx_it.o
                              0x86eb3 (size before relaxing)
 .debug_str     0x00091702       0x7e ./Core/Src/system_stm32f1xx.o
                              0x863e6 (size before relaxing)
 .debug_str     0x00091780       0x44 ./Core/Startup/startup_stm32f103c8tx.o
                                 0xc0 (size before relaxing)
 .debug_str     0x000917c4      0x331 ./Drivers/STM32F1xx_HAL_Driver/Src/stm32f1xx_hal.o
                              0x86b19 (size before relaxing)
 .debug_str     0x00091af5      0x281 ./Drivers/STM32F1xx_HAL_Driver/Src/stm32f1xx_hal_cortex.o
                              0x86a65 (size before relaxing)
 .debug_str     0x00091d76      0x235 ./Drivers/STM32F1xx_HAL_Driver/Src/stm32f1xx_hal_dma.o
                              0x8678f (size before relaxing)
 .debug_str     0x00091fab      0x2c8 ./Drivers/STM32F1xx_HAL_Driver/Src/stm32f1xx_hal_gpio.o
                              0x8676c (size before relaxing)
 .debug_str     0x00092273      0xb75 ./Drivers/STM32F1xx_HAL_Driver/Src/stm32f1xx_hal_i2c.o
                              0x874ad (size before relaxing)
 .debug_str     0x00092de8      0x1e8 ./Drivers/STM32F1xx_HAL_Driver/Src/stm32f1xx_hal_rcc.o
                              0x86815 (size before relaxing)
 .debug_str     0x00092fd0      0x521 ./Drivers/STM32F1xx_HAL_Driver/Src/stm32f1xx_hal_spi.o
                              0x86d12 (size before relaxing)
 .debug_str     0x000934f1      0xcca ./Drivers/STM32F1xx_HAL_Driver/Src/stm32f1xx_hal_tim.o
                              0x87807 (size before relaxing)
 .debug_str     0x000941bb      0x493 ./Drivers/STM32F1xx_HAL_Driver/Src/stm32f1xx_hal_tim_ex.o
                              0x87023 (size before relaxing)
 .debug_str     0x0009464e      0x5b6 ./Drivers/STM32F1xx_HAL_Driver/Src/stm32f1xx_hal_uart.o
                              0x86e86 (size before relaxing)
 .debug_str     0x00094c04      0x8e8 ./Middlewares/Third_Party/FreeRTOS/Source/CMSIS_RTOS/cmsis_os.o
                               0xe264 (size before relaxing)
 .debug_str     0x000954ec      0x21b ./Middlewares/Third_Party/FreeRTOS/Source/list.o
                               0xa82d (size before relaxing)
 .debug_str     0x00095707      0x7fb ./Middlewares/Third_Party/FreeRTOS/Source/queue.o
                               0xc0cc (size before relaxing)
 .debug_str     0x00095f02      0xfc4 ./Middlewares/Third_Party/FreeRTOS/Source/tasks.o
                               0xcb67 (size before relaxing)
 .debug_str     0x00096ec6      0x448 ./Middlewares/Third_Party/FreeRTOS/Source/timers.o
                               0xc5e4 (size before relaxing)
 .debug_str     0x0009730e      0x66e ./Middlewares/Third_Party/FreeRTOS/Source/portable/GCC/ARM_CM3/port.o
                               0x82a2 (size before relaxing)
 .debug_str     0x0009797c      0x23a ./Middlewares/Third_Party/FreeRTOS/Source/portable/MemMang/heap_4.o
                               0xaf7a (size before relaxing)

.comment        0x00000000       0x43
 .comment       0x00000000       0x43 ./0_driver_main/i2c-lcd.o
                                 0x44 (size before relaxing)
 .comment       0x00000043       0x44 ./Core/Src/freertos.o
 .comment       0x00000043       0x44 ./Core/Src/main.o
 .comment       0x00000043       0x44 ./Core/Src/stm32f1xx_hal_msp.o
 .comment       0x00000043       0x44 ./Core/Src/stm32f1xx_hal_timebase_tim.o
 .comment       0x00000043       0x44 ./Core/Src/stm32f1xx_it.o
 .comment       0x00000043       0x44 ./Core/Src/system_stm32f1xx.o
 .comment       0x00000043       0x44 ./Drivers/STM32F1xx_HAL_Driver/Src/stm32f1xx_hal.o
 .comment       0x00000043       0x44 ./Drivers/STM32F1xx_HAL_Driver/Src/stm32f1xx_hal_cortex.o
 .comment       0x00000043       0x44 ./Drivers/STM32F1xx_HAL_Driver/Src/stm32f1xx_hal_dma.o
 .comment       0x00000043       0x44 ./Drivers/STM32F1xx_HAL_Driver/Src/stm32f1xx_hal_gpio.o
 .comment       0x00000043       0x44 ./Drivers/STM32F1xx_HAL_Driver/Src/stm32f1xx_hal_i2c.o
 .comment       0x00000043       0x44 ./Drivers/STM32F1xx_HAL_Driver/Src/stm32f1xx_hal_rcc.o
 .comment       0x00000043       0x44 ./Drivers/STM32F1xx_HAL_Driver/Src/stm32f1xx_hal_spi.o
 .comment       0x00000043       0x44 ./Drivers/STM32F1xx_HAL_Driver/Src/stm32f1xx_hal_tim.o
 .comment       0x00000043       0x44 ./Drivers/STM32F1xx_HAL_Driver/Src/stm32f1xx_hal_tim_ex.o
 .comment       0x00000043       0x44 ./Drivers/STM32F1xx_HAL_Driver/Src/stm32f1xx_hal_uart.o
 .comment       0x00000043       0x44 ./Middlewares/Third_Party/FreeRTOS/Source/CMSIS_RTOS/cmsis_os.o
 .comment       0x00000043       0x44 ./Middlewares/Third_Party/FreeRTOS/Source/list.o
 .comment       0x00000043       0x44 ./Middlewares/Third_Party/FreeRTOS/Source/queue.o
 .comment       0x00000043       0x44 ./Middlewares/Third_Party/FreeRTOS/Source/tasks.o
 .comment       0x00000043       0x44 ./Middlewares/Third_Party/FreeRTOS/Source/timers.o
 .comment       0x00000043       0x44 ./Middlewares/Third_Party/FreeRTOS/Source/portable/GCC/ARM_CM3/port.o
 .comment       0x00000043       0x44 ./Middlewares/Third_Party/FreeRTOS/Source/portable/MemMang/heap_4.o

.debug_frame    0x00000000     0x6594
 .debug_frame   0x00000000      0x1c4 ./0_driver_main/i2c-lcd.o
 .debug_frame   0x000001c4       0x60 ./Core/Src/freertos.o
 .debug_frame   0x00000224      0x238 ./Core/Src/main.o
 .debug_frame   0x0000045c      0x1a4 ./Core/Src/stm32f1xx_hal_msp.o
 .debug_frame   0x00000600       0x74 ./Core/Src/stm32f1xx_hal_timebase_tim.o
 .debug_frame   0x00000674      0x134 ./Core/Src/stm32f1xx_it.o
 .debug_frame   0x000007a8       0x58 ./Core/Src/system_stm32f1xx.o
 .debug_frame   0x00000800      0x334 ./Drivers/STM32F1xx_HAL_Driver/Src/stm32f1xx_hal.o
 .debug_frame   0x00000b34      0x428 ./Drivers/STM32F1xx_HAL_Driver/Src/stm32f1xx_hal_cortex.o
 .debug_frame   0x00000f5c      0x208 ./Drivers/STM32F1xx_HAL_Driver/Src/stm32f1xx_hal_dma.o
 .debug_frame   0x00001164      0x14c ./Drivers/STM32F1xx_HAL_Driver/Src/stm32f1xx_hal_gpio.o
 .debug_frame   0x000012b0      0xc84 ./Drivers/STM32F1xx_HAL_Driver/Src/stm32f1xx_hal_i2c.o
 .debug_frame   0x00001f34      0x218 ./Drivers/STM32F1xx_HAL_Driver/Src/stm32f1xx_hal_rcc.o
 .debug_frame   0x0000214c      0x824 ./Drivers/STM32F1xx_HAL_Driver/Src/stm32f1xx_hal_spi.o
 .debug_frame   0x00002970     0x11bc ./Drivers/STM32F1xx_HAL_Driver/Src/stm32f1xx_hal_tim.o
 .debug_frame   0x00003b2c      0x638 ./Drivers/STM32F1xx_HAL_Driver/Src/stm32f1xx_hal_tim_ex.o
 .debug_frame   0x00004164      0x944 ./Drivers/STM32F1xx_HAL_Driver/Src/stm32f1xx_hal_uart.o
 .debug_frame   0x00004aa8      0x7fc ./Middlewares/Third_Party/FreeRTOS/Source/CMSIS_RTOS/cmsis_os.o
 .debug_frame   0x000052a4       0xd8 ./Middlewares/Third_Party/FreeRTOS/Source/list.o
 .debug_frame   0x0000537c      0x490 ./Middlewares/Third_Party/FreeRTOS/Source/queue.o
 .debug_frame   0x0000580c      0x758 ./Middlewares/Third_Party/FreeRTOS/Source/tasks.o
 .debug_frame   0x00005f64      0x31c ./Middlewares/Third_Party/FreeRTOS/Source/timers.o
 .debug_frame   0x00006280      0x198 ./Middlewares/Third_Party/FreeRTOS/Source/portable/GCC/ARM_CM3/port.o
 .debug_frame   0x00006418      0x108 ./Middlewares/Third_Party/FreeRTOS/Source/portable/MemMang/heap_4.o
 .debug_frame   0x00006520       0x20 C:/Users/BaoThuan/STM32CubeIDE_1.12.1/STM32CubeIDE/plugins/com.st.stm32cube.ide.mcu.externaltools.gnu-tools-for-stm32.12.3.rel1.win32_1.0.100.202403111256/tools/bin/../lib/gcc/arm-none-eabi/12.3.1/../../../../arm-none-eabi/lib/thumb/v7-m/nofp\libc_nano.a(libc_a-memset.o)
 .debug_frame   0x00006540       0x2c C:/Users/BaoThuan/STM32CubeIDE_1.12.1/STM32CubeIDE/plugins/com.st.stm32cube.ide.mcu.externaltools.gnu-tools-for-stm32.12.3.rel1.win32_1.0.100.202403111256/tools/bin/../lib/gcc/arm-none-eabi/12.3.1/../../../../arm-none-eabi/lib/thumb/v7-m/nofp\libc_nano.a(libc_a-init.o)
 .debug_frame   0x0000656c       0x28 C:/Users/BaoThuan/STM32CubeIDE_1.12.1/STM32CubeIDE/plugins/com.st.stm32cube.ide.mcu.externaltools.gnu-tools-for-stm32.12.3.rel1.win32_1.0.100.202403111256/tools/bin/../lib/gcc/arm-none-eabi/12.3.1/../../../../arm-none-eabi/lib/thumb/v7-m/nofp\libc_nano.a(libc_a-memcpy-stub.o)

.debug_line_str
                0x00000000       0xa4
 .debug_line_str
                0x00000000       0xa4 ./Core/Startup/startup_stm32f103c8tx.o
