../Core/Src/main.c:42:6:Init_Sys	8	static
../Core/Src/main.c:93:6:HAL_UART_RxCpltCallback	24	static
../Core/Src/main.c:143:6:Task_action	16	static
../Core/Src/main.c:160:5:main	112	static
../Core/Src/main.c:293:6:SystemClock_Config	72	static
../Core/Src/main.c:333:13:MX_I2C1_Init	8	static
../Core/Src/main.c:367:13:MX_SPI1_Init	8	static
../Core/Src/main.c:405:13:MX_TIM1_Init	32	static
../Core/Src/main.c:451:13:MX_TIM2_Init	56	static
../Core/Src/main.c:500:13:MX_USART1_UART_Init	8	static
../Core/Src/main.c:533:13:MX_USART2_UART_Init	8	static
../Core/Src/main.c:566:13:MX_GPIO_Init	40	static
../Core/Src/main.c:649:6:StartGiveSem_Hand	16	static
../Core/Src/main.c:671:6:StartTakeSem_Hand	16	static
../Core/Src/main.c:685:6:Callback01	16	static
../Core/Src/main.c:700:6:HAL_TIM_PeriodElapsedCallback	16	static
../Core/Src/main.c:717:6:Error_Handler	4	static,ignoring_inline_asm
