../Core/Src/main.c:126:6:HAL_ADC_ConvCpltCallback	16	static
../Core/Src/main.c:149:6:HAL_TIM_PeriodElapsedCallback	16	static
../Core/Src/main.c:164:5:main	8	static
../Core/Src/main.c:286:6:SystemClock_Config	88	static
../Core/Src/main.c:334:13:MX_ADC1_Init	24	static
../Core/Src/main.c:408:13:MX_SPI1_Init	8	static
../Core/Src/main.c:446:13:MX_TIM2_Init	32	static
../Core/Src/main.c:491:13:MX_TIM3_Init	64	static
../Core/Src/main.c:547:13:MX_DMA_Init	16	static
../Core/Src/main.c:565:13:MX_GPIO_Init	40	static
../Core/Src/main.c:623:6:Error_Handler	8	static,ignoring_inline_asm
