../Core/Src/main.c:125:6:HAL_ADC_ConvCpltCallback	16	static
../Core/Src/main.c:139:6:HAL_TIM_PeriodElapsedCallback	16	static
../Core/Src/main.c:154:5:main	8	static
../Core/Src/main.c:295:6:SystemClock_Config	88	static
../Core/Src/main.c:343:13:MX_ADC1_Init	24	static
../Core/Src/main.c:417:13:MX_SPI1_Init	8	static
../Core/Src/main.c:455:13:MX_TIM2_Init	32	static
../Core/Src/main.c:500:13:MX_TIM3_Init	64	static
../Core/Src/main.c:556:13:MX_DMA_Init	16	static
../Core/Src/main.c:574:13:MX_GPIO_Init	40	static
../Core/Src/main.c:632:6:Error_Handler	8	static,ignoring_inline_asm
